
Discarded input sections

 .group         0x0000000000000000        0xc /home/catcatbing/dev/project/join_rtt/rt-thread/bsp/cvitek/cvitek_bootloader/fsbl/build/cv1813h_milkv_duos_sd/bl2/build_message.o
 .text          0x0000000000000000        0x0 /home/catcatbing/dev/project/join_rtt/rt-thread/bsp/cvitek/cvitek_bootloader/fsbl/build/cv1813h_milkv_duos_sd/bl2/build_message.o
 .data          0x0000000000000000        0x0 /home/catcatbing/dev/project/join_rtt/rt-thread/bsp/cvitek/cvitek_bootloader/fsbl/build/cv1813h_milkv_duos_sd/bl2/build_message.o
 .bss           0x0000000000000000        0x0 /home/catcatbing/dev/project/join_rtt/rt-thread/bsp/cvitek/cvitek_bootloader/fsbl/build/cv1813h_milkv_duos_sd/bl2/build_message.o
 .group         0x0000000000000000        0xc /home/catcatbing/dev/project/join_rtt/rt-thread/bsp/cvitek/cvitek_bootloader/fsbl/build/cv1813h_milkv_duos_sd/bl2/cpu_helper.o
 .group         0x0000000000000000        0xc /home/catcatbing/dev/project/join_rtt/rt-thread/bsp/cvitek/cvitek_bootloader/fsbl/build/cv1813h_milkv_duos_sd/bl2/cpu_helper.o
 .group         0x0000000000000000        0xc /home/catcatbing/dev/project/join_rtt/rt-thread/bsp/cvitek/cvitek_bootloader/fsbl/build/cv1813h_milkv_duos_sd/bl2/cpu_helper.o
 .group         0x0000000000000000        0xc /home/catcatbing/dev/project/join_rtt/rt-thread/bsp/cvitek/cvitek_bootloader/fsbl/build/cv1813h_milkv_duos_sd/bl2/cpu_helper.o
 .group         0x0000000000000000        0xc /home/catcatbing/dev/project/join_rtt/rt-thread/bsp/cvitek/cvitek_bootloader/fsbl/build/cv1813h_milkv_duos_sd/bl2/cpu_helper.o
 .group         0x0000000000000000        0xc /home/catcatbing/dev/project/join_rtt/rt-thread/bsp/cvitek/cvitek_bootloader/fsbl/build/cv1813h_milkv_duos_sd/bl2/cpu_helper.o
 .group         0x0000000000000000        0xc /home/catcatbing/dev/project/join_rtt/rt-thread/bsp/cvitek/cvitek_bootloader/fsbl/build/cv1813h_milkv_duos_sd/bl2/cpu_helper.o
 .group         0x0000000000000000        0xc /home/catcatbing/dev/project/join_rtt/rt-thread/bsp/cvitek/cvitek_bootloader/fsbl/build/cv1813h_milkv_duos_sd/bl2/cpu_helper.o
 .group         0x0000000000000000        0xc /home/catcatbing/dev/project/join_rtt/rt-thread/bsp/cvitek/cvitek_bootloader/fsbl/build/cv1813h_milkv_duos_sd/bl2/cpu_helper.o
 .group         0x0000000000000000        0xc /home/catcatbing/dev/project/join_rtt/rt-thread/bsp/cvitek/cvitek_bootloader/fsbl/build/cv1813h_milkv_duos_sd/bl2/cpu_helper.o
 .group         0x0000000000000000        0xc /home/catcatbing/dev/project/join_rtt/rt-thread/bsp/cvitek/cvitek_bootloader/fsbl/build/cv1813h_milkv_duos_sd/bl2/cpu_helper.o
 .group         0x0000000000000000        0xc /home/catcatbing/dev/project/join_rtt/rt-thread/bsp/cvitek/cvitek_bootloader/fsbl/build/cv1813h_milkv_duos_sd/bl2/cpu_helper.o
 .group         0x0000000000000000        0xc /home/catcatbing/dev/project/join_rtt/rt-thread/bsp/cvitek/cvitek_bootloader/fsbl/build/cv1813h_milkv_duos_sd/bl2/cpu_helper.o
 .group         0x0000000000000000        0xc /home/catcatbing/dev/project/join_rtt/rt-thread/bsp/cvitek/cvitek_bootloader/fsbl/build/cv1813h_milkv_duos_sd/bl2/cpu_helper.o
 .group         0x0000000000000000        0xc /home/catcatbing/dev/project/join_rtt/rt-thread/bsp/cvitek/cvitek_bootloader/fsbl/build/cv1813h_milkv_duos_sd/bl2/cpu_helper.o
 .group         0x0000000000000000        0xc /home/catcatbing/dev/project/join_rtt/rt-thread/bsp/cvitek/cvitek_bootloader/fsbl/build/cv1813h_milkv_duos_sd/bl2/cpu_helper.o
 .text          0x0000000000000000        0x0 /home/catcatbing/dev/project/join_rtt/rt-thread/bsp/cvitek/cvitek_bootloader/fsbl/build/cv1813h_milkv_duos_sd/bl2/cpu_helper.o
 .data          0x0000000000000000        0x0 /home/catcatbing/dev/project/join_rtt/rt-thread/bsp/cvitek/cvitek_bootloader/fsbl/build/cv1813h_milkv_duos_sd/bl2/cpu_helper.o
 .bss           0x0000000000000000        0x0 /home/catcatbing/dev/project/join_rtt/rt-thread/bsp/cvitek/cvitek_bootloader/fsbl/build/cv1813h_milkv_duos_sd/bl2/cpu_helper.o
 .text.cpu_report_exception
                0x0000000000000000        0x2 /home/catcatbing/dev/project/join_rtt/rt-thread/bsp/cvitek/cvitek_bootloader/fsbl/build/cv1813h_milkv_duos_sd/bl2/cpu_helper.o
 .text.enable_cache
                0x0000000000000000        0x2 /home/catcatbing/dev/project/join_rtt/rt-thread/bsp/cvitek/cvitek_bootloader/fsbl/build/cv1813h_milkv_duos_sd/bl2/cpu_helper.o
 .group         0x0000000000000000        0xc /home/catcatbing/dev/project/join_rtt/rt-thread/bsp/cvitek/cvitek_bootloader/fsbl/build/cv1813h_milkv_duos_sd/bl2/misc_helpers.o
 .group         0x0000000000000000        0xc /home/catcatbing/dev/project/join_rtt/rt-thread/bsp/cvitek/cvitek_bootloader/fsbl/build/cv1813h_milkv_duos_sd/bl2/misc_helpers.o
 .group         0x0000000000000000        0xc /home/catcatbing/dev/project/join_rtt/rt-thread/bsp/cvitek/cvitek_bootloader/fsbl/build/cv1813h_milkv_duos_sd/bl2/misc_helpers.o
[...]
Memory Configuration

Name             Origin             Length             Attributes
RAM              0x000000000c000000 0x0000000000037000 xrw
*default*        0x0000000000000000 0xffffffffffffffff

Linker script and memory map

                0x000000000c000000                . = 0xc000000
                0x0000000000000001                ASSERT ((. == ALIGN (0x1000)), BL2_BASE address is not aligned on a page boundary.)

ro              0x000000000c000000     0x7fb0
                0x000000000c000000                __RO_START__ = .
 *bl2_entrypoint.o(.text*)
 .text.init     0x000000000c000000      0x14c /home/catcatbing/dev/project/join_rtt/rt-thread/bsp/cvitek/cvitek_bootloader/fsbl/build/cv1813h_milkv_duos_sd/bl2/bl2_entrypoint.o
                0x000000000c000000                bl2_entrypoint
 *(.vectors)
 *(.text*)
 .text.sync_cache
                0x000000000c00014c        0xa /home/catcatbing/dev/project/join_rtt/rt-thread/bsp/cvitek/cvitek_bootloader/fsbl/build/cv1813h_milkv_duos_sd/bl2/cpu_helper.o
                0x000000000c00014c                sync_cache
 .text.flush_dcache_range
                0x000000000c000156       0x24 /home/catcatbing/dev/project/join_rtt/rt-thread/bsp/cvitek/cvitek_bootloader/fsbl/build/cv1813h_milkv_duos_sd/bl2/cache.o
                0x000000000c000156                flush_dcache_range
 .text.udelay   0x000000000c00017a       0x2a /home/catcatbing/dev/project/join_rtt/rt-thread/bsp/cvitek/cvitek_bootloader/fsbl/build/cv1813h_milkv_duos_sd/bl2/delay_timer.o
                0x000000000c00017a                udelay
 .text.mdelay   0x000000000c0001a4        0xa /home/catcatbing/dev/project/join_rtt/rt-thread/bsp/cvitek/cvitek_bootloader/fsbl/build/cv1813h_milkv_duos_sd/bl2/delay_timer.o
                0x000000000c0001a4                mdelay
 .text.read_count_tick
                0x000000000c0001ae        0xe /home/catcatbing/dev/project/join_rtt/rt-thread/bsp/cvitek/cvitek_bootloader/fsbl/build/cv1813h_milkv_duos_sd/bl2/delay_timer.o
                0x000000000c0001ae                read_count_tick
 .text.jump_to_monitor
                0x000000000c0001bc       0x78 /home/catcatbing/dev/project/join_rtt/rt-thread/bsp/cvitek/cvitek_bootloader/fsbl/build/cv1813h_milkv_duos_sd/bl2/bl2_helper.o
                0x000000000c0001bc                jump_to_monitor
 .text.jump_to_loader_2nd
                0x000000000c000234        0x2 /home/catcatbing/dev/project/join_rtt/rt-thread/bsp/cvitek/cvitek_bootloader/fsbl/build/cv1813h_milkv_duos_sd/bl2/bl2_helper.o
                0x000000000c000234                jump_to_loader_2nd
 .text.console_init
                0x000000000c000236       0x38 /home/catcatbing/dev/project/join_rtt/rt-thread/bsp/cvitek/cvitek_bootloader/fsbl/build/cv1813h_milkv_duos_sd/bl2/uart_dw.o
                0x000000000c000236                console_init
 .text._uart_putc
                0x000000000c00026e       0x10 /home/catcatbing/dev/project/join_rtt/rt-thread/bsp/cvitek/cvitek_bootloader/fsbl/build/cv1813h_milkv_duos_sd/bl2/uart_dw.o
                0x000000000c00026e                _uart_putc
 .text.console_putc
                0x000000000c00027e       0x1e /home/catcatbing/dev/project/join_rtt/rt-thread/bsp/cvitek/cvitek_bootloader/fsbl/build/cv1813h_milkv_duos_sd/bl2/uart_dw.o
                0x000000000c00027e                console_putc
 .text.console_flush
                0x000000000c00029c       0x14 /home/catcatbing/dev/project/join_rtt/rt-thread/bsp/cvitek/cvitek_bootloader/fsbl/build/cv1813h_milkv_duos_sd/bl2/uart_dw.o
                0x000000000c00029c                console_flush
 .text.unsigned_num_print
                0x000000000c0002b0       0x82 /home/catcatbing/dev/project/join_rtt/rt-thread/bsp/cvitek/cvitek_bootloader/fsbl/build/cv1813h_milkv_duos_sd/bl2/tf_printf.o
 .text.tf_printf
                0x000000000c000332      0x196 /home/catcatbing/dev/project/join_rtt/rt-thread/bsp/cvitek/cvitek_bootloader/fsbl/build/cv1813h_milkv_duos_sd/bl2/tf_printf.o
                0x000000000c000332                tf_printf
 .text.__system_reset
                0x000000000c0004c8       0xc6 /home/catcatbing/dev/project/join_rtt/rt-thread/bsp/cvitek/cvitek_bootloader/fsbl/build/cv1813h_milkv_duos_sd/bl2/platform.o
                0x000000000c0004c8                __system_reset
 .text.panic_handler
                0x000000000c00058e       0x32 /home/catcatbing/dev/project/join_rtt/rt-thread/bsp/cvitek/cvitek_bootloader/fsbl/build/cv1813h_milkv_duos_sd/bl2/platform.o
                0x000000000c00058e                panic_handler
 .text.reset_c906l
                0x000000000c0005c0       0x46 /home/catcatbing/dev/project/join_rtt/rt-thread/bsp/cvitek/cvitek_bootloader/fsbl/build/cv1813h_milkv_duos_sd/bl2/platform.o
                0x000000000c0005c0                reset_c906l
 .text.setup_dl_flag
                0x000000000c000606       0x60 /home/catcatbing/dev/project/join_rtt/rt-thread/bsp/cvitek/cvitek_bootloader/fsbl/build/cv1813h_milkv_duos_sd/bl2/platform.o
                0x000000000c000606                setup_dl_flag
 .text.config_core_power
                0x000000000c000666       0x20 /home/catcatbing/dev/project/join_rtt/rt-thread/bsp/cvitek/cvitek_bootloader/fsbl/build/cv1813h_milkv_duos_sd/bl2/platform.o
                0x000000000c000666                config_core_power
 .text.sys_switch_all_to_pll
                0x000000000c000686        0xe /home/catcatbing/dev/project/join_rtt/rt-thread/bsp/cvitek/cvitek_bootloader/fsbl/build/cv1813h_milkv_duos_sd/bl2/platform.o
                0x000000000c000686                sys_switch_all_to_pll
 .text.sys_pll_od
                0x000000000c000694      0x190 /home/catcatbing/dev/project/join_rtt/rt-thread/bsp/cvitek/cvitek_bootloader/fsbl/build/cv1813h_milkv_duos_sd/bl2/platform.o
                0x000000000c000694                sys_pll_od
 .text.sys_pll_nd
                0x000000000c000824      0x1c0 /home/catcatbing/dev/project/join_rtt/rt-thread/bsp/cvitek/cvitek_bootloader/fsbl/build/cv1813h_milkv_duos_sd/bl2/platform.o
                0x000000000c000824                sys_pll_nd
 .text.sys_pll_init
                0x000000000c0009e4       0x16 /home/catcatbing/dev/project/join_rtt/rt-thread/bsp/cvitek/cvitek_bootloader/fsbl/build/cv1813h_milkv_duos_sd/bl2/platform.o
                0x000000000c0009e4                sys_pll_init
 .text.switch_rtc_mode_1st_stage
                0x000000000c0009fa       0x88 /home/catcatbing/dev/project/join_rtt/rt-thread/bsp/cvitek/cvitek_bootloader/fsbl/build/cv1813h_milkv_duos_sd/bl2/platform.o
                0x000000000c0009fa                switch_rtc_mode_1st_stage
 .text.switch_rtc_mode_2nd_stage
                0x000000000c000a82       0x5c /home/catcatbing/dev/project/join_rtt/rt-thread/bsp/cvitek/cvitek_bootloader/fsbl/build/cv1813h_milkv_duos_sd/bl2/platform.o
                0x000000000c000a82                switch_rtc_mode_2nd_stage
 .text.set_rtc_en_registers
                0x000000000c000ade       0xaa /home/catcatbing/dev/project/join_rtt/rt-thread/bsp/cvitek/cvitek_bootloader/fsbl/build/cv1813h_milkv_duos_sd/bl2/platform.o
                0x000000000c000ade                set_rtc_en_registers
 .text.efuse_wait_idle
                0x000000000c000b88       0x2e /home/catcatbing/dev/project/join_rtt/rt-thread/bsp/cvitek/cvitek_bootloader/fsbl/build/cv1813h_milkv_duos_sd/bl2/security.o
                0x000000000c000b88                efuse_wait_idle
 .text.efuse_power_on
                0x000000000c000bb6       0x1c /home/catcatbing/dev/project/join_rtt/rt-thread/bsp/cvitek/cvitek_bootloader/fsbl/build/cv1813h_milkv_duos_sd/bl2/security.o
                0x000000000c000bb6                efuse_power_on
 .text.efuse_program_bit
                0x000000000c000bd2       0x56 /home/catcatbing/dev/project/join_rtt/rt-thread/bsp/cvitek/cvitek_bootloader/fsbl/build/cv1813h_milkv_duos_sd/bl2/security.o
                0x000000000c000bd2                efuse_program_bit
 .text.efuse_refresh_shadow
                0x000000000c000c28       0x2a /home/catcatbing/dev/project/join_rtt/rt-thread/bsp/cvitek/cvitek_bootloader/fsbl/build/cv1813h_milkv_duos_sd/bl2/security.o
                0x000000000c000c28                efuse_refresh_shadow
 .text.efuse_power_off
                0x000000000c000c52       0x1c /home/catcatbing/dev/project/join_rtt/rt-thread/bsp/cvitek/cvitek_bootloader/fsbl/build/cv1813h_milkv_duos_sd/bl2/security.o
                0x000000000c000c52                efuse_power_off
 .text.memset   0x000000000c000c6e       0x5a /home/catcatbing/dev/project/join_rtt/rt-thread/bsp/cvitek/cvitek_bootloader/fsbl/build/cv1813h_milkv_duos_sd/bl2/mem.o
                0x000000000c000c6e                memset
 .text.memcpy   0x000000000c000cc8       0x60 /home/catcatbing/dev/project/join_rtt/rt-thread/bsp/cvitek/cvitek_bootloader/fsbl/build/cv1813h_milkv_duos_sd/bl2/mem.o
                0x000000000c000cc8                memcpy
 .text.memmove  0x000000000c000d28       0x20 /home/catcatbing/dev/project/join_rtt/rt-thread/bsp/cvitek/cvitek_bootloader/fsbl/build/cv1813h_milkv_duos_sd/bl2/mem.o
                0x000000000c000d28                memmove
 .text.putchar_l
                0x000000000c000d48       0x52 /home/catcatbing/dev/project/join_rtt/rt-thread/bsp/cvitek/cvitek_bootloader/fsbl/build/cv1813h_milkv_duos_sd/bl2/putchar.o
                0x000000000c000d48                putchar_l
 .text.read_time_ms
                0x000000000c000d9a       0x1a /home/catcatbing/dev/project/join_rtt/rt-thread/bsp/cvitek/cvitek_bootloader/fsbl/build/cv1813h_milkv_duos_sd/bl2/bl2_opt.o
 .text.init_comm_info
                0x000000000c000db4        0x2 /home/catcatbing/dev/project/join_rtt/rt-thread/bsp/cvitek/cvitek_bootloader/fsbl/build/cv1813h_milkv_duos_sd/bl2/bl2_opt.o
                0x000000000c000db4                init_comm_info
 .text.lock_efuse_chipsn
                0x000000000c000db6       0x8a /home/catcatbing/dev/project/join_rtt/rt-thread/bsp/cvitek/cvitek_bootloader/fsbl/build/cv1813h_milkv_duos_sd/bl2/bl2_opt.o
                0x000000000c000db6                lock_efuse_chipsn
 .text.load_param2
                0x000000000c000e40       0xaa /home/catcatbing/dev/project/join_rtt/rt-thread/bsp/cvitek/cvitek_bootloader/fsbl/build/cv1813h_milkv_duos_sd/bl2/bl2_opt.o
                0x000000000c000e40                load_param2
 .text.load_ddr_param
                0x000000000c000eea       0x88 /home/catcatbing/dev/project/join_rtt/rt-thread/bsp/cvitek/cvitek_bootloader/fsbl/build/cv1813h_milkv_duos_sd/bl2/bl2_opt.o
                0x000000000c000eea                load_ddr_param
 .text.load_ddr
                0x000000000c000f72       0xc6 /home/catcatbing/dev/project/join_rtt/rt-thread/bsp/cvitek/cvitek_bootloader/fsbl/build/cv1813h_milkv_duos_sd/bl2/bl2_opt.o
                0x000000000c000f72                load_ddr
 .text.load_blcp_2nd
                0x000000000c001038      0x150 /home/catcatbing/dev/project/join_rtt/rt-thread/bsp/cvitek/cvitek_bootloader/fsbl/build/cv1813h_milkv_duos_sd/bl2/bl2_opt.o
                0x000000000c001038                load_blcp_2nd
 .text.load_monitor
                0x000000000c001188      0x110 /home/catcatbing/dev/project/join_rtt/rt-thread/bsp/cvitek/cvitek_bootloader/fsbl/build/cv1813h_milkv_duos_sd/bl2/bl2_opt.o
                0x000000000c001188                load_monitor
 .text.load_loader_2nd
                0x000000000c001298      0x1ce /home/catcatbing/dev/project/join_rtt/rt-thread/bsp/cvitek/cvitek_bootloader/fsbl/build/cv1813h_milkv_duos_sd/bl2/bl2_opt.o
                0x000000000c001298                load_loader_2nd
 .text.load_rest
                0x000000000c001466       0xe6 /home/catcatbing/dev/project/join_rtt/rt-thread/bsp/cvitek/cvitek_bootloader/fsbl/build/cv1813h_milkv_duos_sd/bl2/bl2_opt.o
                0x000000000c001466                load_rest
 .text.SzFree   0x000000000c00154c        0x2 /home/catcatbing/dev/project/join_rtt/rt-thread/bsp/cvitek/cvitek_bootloader/fsbl/build/cv1813h_milkv_duos_sd/bl2/decompress.o
 .text.SzAlloc  0x000000000c00154e       0x42 /home/catcatbing/dev/project/join_rtt/rt-thread/bsp/cvitek/cvitek_bootloader/fsbl/build/cv1813h_milkv_duos_sd/bl2/decompress.o
 .text.decompress_lzma
                0x000000000c001590       0xe8 /home/catcatbing/dev/project/join_rtt/rt-thread/bsp/cvitek/cvitek_bootloader/fsbl/build/cv1813h_milkv_duos_sd/bl2/decompress.o
                0x000000000c001590                decompress_lzma
 .text.LZ4_malloc
                0x000000000c001678        0x6 /home/catcatbing/dev/project/join_rtt/rt-thread/bsp/cvitek/cvitek_bootloader/fsbl/build/cv1813h_milkv_duos_sd/bl2/decompress.o
                0x000000000c001678                LZ4_malloc
 .text.LZ4_calloc
                0x000000000c00167e       0x28 /home/catcatbing/dev/project/join_rtt/rt-thread/bsp/cvitek/cvitek_bootloader/fsbl/build/cv1813h_milkv_duos_sd/bl2/decompress.o
                0x000000000c00167e                LZ4_calloc
 .text.LZ4_free
                0x000000000c0016a6        0x2 /home/catcatbing/dev/project/join_rtt/rt-thread/bsp/cvitek/cvitek_bootloader/fsbl/build/cv1813h_milkv_duos_sd/bl2/decompress.o
                0x000000000c0016a6                LZ4_free
 .text.decompress_lz4
                0x000000000c0016a8       0xae /home/catcatbing/dev/project/join_rtt/rt-thread/bsp/cvitek/cvitek_bootloader/fsbl/build/cv1813h_milkv_duos_sd/bl2/decompress.o
                0x000000000c0016a8                decompress_lz4
 .text.decompress
                0x000000000c001756       0x7e /home/catcatbing/dev/project/join_rtt/rt-thread/bsp/cvitek/cvitek_bootloader/fsbl/build/cv1813h_milkv_duos_sd/bl2/decompress.o
                0x000000000c001756                decompress
 .text.LzmaDec_WriteRem
                0x000000000c0017d4       0x72 /home/catcatbing/dev/project/join_rtt/rt-thread/bsp/cvitek/cvitek_bootloader/fsbl/build/cv1813h_milkv_duos_sd/bl2/LzmaDec.o
 .text.LzmaDec_DecodeReal2
                0x000000000c001846     0x13a6 /home/catcatbing/dev/project/join_rtt/rt-thread/bsp/cvitek/cvitek_bootloader/fsbl/build/cv1813h_milkv_duos_sd/bl2/LzmaDec.o
 .text.LzmaDec_TryDummy
                0x000000000c002bec      0x502 /home/catcatbing/dev/project/join_rtt/rt-thread/bsp/cvitek/cvitek_bootloader/fsbl/build/cv1813h_milkv_duos_sd/bl2/LzmaDec.o
 .text.LzmaDec_Init
                0x000000000c0030ee       0x14 /home/catcatbing/dev/project/join_rtt/rt-thread/bsp/cvitek/cvitek_bootloader/fsbl/build/cv1813h_milkv_duos_sd/bl2/LzmaDec.o
                0x000000000c0030ee                LzmaDec_Init
 .text.LzmaDec_DecodeToDic
                0x000000000c003102      0x27c /home/catcatbing/dev/project/join_rtt/rt-thread/bsp/cvitek/cvitek_bootloader/fsbl/build/cv1813h_milkv_duos_sd/bl2/LzmaDec.o
                0x000000000c003102                LzmaDec_DecodeToDic
 .text.LzmaDec_FreeProbs
                0x000000000c00337e       0x1c /home/catcatbing/dev/project/join_rtt/rt-thread/bsp/cvitek/cvitek_bootloader/fsbl/build/cv1813h_milkv_duos_sd/bl2/LzmaDec.o
                0x000000000c00337e                LzmaDec_FreeProbs
 .text.LzmaDec_AllocateProbs2.isra.0
                0x000000000c00339a       0x62 /home/catcatbing/dev/project/join_rtt/rt-thread/bsp/cvitek/cvitek_bootloader/fsbl/build/cv1813h_milkv_duos_sd/bl2/LzmaDec.o
 .text.LzmaProps_Decode
                0x000000000c0033fc       0x4a /home/catcatbing/dev/project/join_rtt/rt-thread/bsp/cvitek/cvitek_bootloader/fsbl/build/cv1813h_milkv_duos_sd/bl2/LzmaDec.o
                0x000000000c0033fc                LzmaProps_Decode
 .text.LzmaDec_AllocateProbs
                0x000000000c003446       0x30 /home/catcatbing/dev/project/join_rtt/rt-thread/bsp/cvitek/cvitek_bootloader/fsbl/build/cv1813h_milkv_duos_sd/bl2/LzmaDec.o
                0x000000000c003446                LzmaDec_AllocateProbs
 .text.LzmaDecode
                0x000000000c003476       0xaa /home/catcatbing/dev/project/join_rtt/rt-thread/bsp/cvitek/cvitek_bootloader/fsbl/build/cv1813h_milkv_duos_sd/bl2/LzmaDec.o
                0x000000000c003476                LzmaDecode
 .text.LZ4F_readLE32
                0x000000000c003520       0x24 /home/catcatbing/dev/project/join_rtt/rt-thread/bsp/cvitek/cvitek_bootloader/fsbl/build/cv1813h_milkv_duos_sd/bl2/lz4_all.o
 .text.LZ4_decompress_safe_withSmallPrefix
                0x000000000c003544      0x276 /home/catcatbing/dev/project/join_rtt/rt-thread/bsp/cvitek/cvitek_bootloader/fsbl/build/cv1813h_milkv_duos_sd/bl2/lz4_all.o
 .text.LZ4F_updateDict
                0x000000000c0037ba      0x108 /home/catcatbing/dev/project/join_rtt/rt-thread/bsp/cvitek/cvitek_bootloader/fsbl/build/cv1813h_milkv_duos_sd/bl2/lz4_all.o
 .text.LZ4_decompress_safe
                0x000000000c0038c2      0x26e /home/catcatbing/dev/project/join_rtt/rt-thread/bsp/cvitek/cvitek_bootloader/fsbl/build/cv1813h_milkv_duos_sd/bl2/lz4_all.o
                0x000000000c0038c2                LZ4_decompress_safe
 .text.LZ4_decompress_safe_withPrefix64k
                0x000000000c003b30      0x26a /home/catcatbing/dev/project/join_rtt/rt-thread/bsp/cvitek/cvitek_bootloader/fsbl/build/cv1813h_milkv_duos_sd/bl2/lz4_all.o
                0x000000000c003b30                LZ4_decompress_safe_withPrefix64k
 .text.LZ4_decompress_safe_forceExtDict
                0x000000000c003d9a      0x316 /home/catcatbing/dev/project/join_rtt/rt-thread/bsp/cvitek/cvitek_bootloader/fsbl/build/cv1813h_milkv_duos_sd/bl2/lz4_all.o
                0x000000000c003d9a                LZ4_decompress_safe_forceExtDict
 .text.LZ4_decompress_safe_usingDict
                0x000000000c0040b0       0x24 /home/catcatbing/dev/project/join_rtt/rt-thread/bsp/cvitek/cvitek_bootloader/fsbl/build/cv1813h_milkv_duos_sd/bl2/lz4_all.o
                0x000000000c0040b0                LZ4_decompress_safe_usingDict
 .text.LZ4F_isError
                0x000000000c0040d4        0xc /home/catcatbing/dev/project/join_rtt/rt-thread/bsp/cvitek/cvitek_bootloader/fsbl/build/cv1813h_milkv_duos_sd/bl2/lz4_all.o
                0x000000000c0040d4                LZ4F_isError
 .text.LZ4F_getBlockSize
                0x000000000c0040e0       0x1e /home/catcatbing/dev/project/join_rtt/rt-thread/bsp/cvitek/cvitek_bootloader/fsbl/build/cv1813h_milkv_duos_sd/bl2/lz4_all.o
                0x000000000c0040e0                LZ4F_getBlockSize
 .text.LZ4F_decodeHeader
                0x000000000c0040fe      0x1a2 /home/catcatbing/dev/project/join_rtt/rt-thread/bsp/cvitek/cvitek_bootloader/fsbl/build/cv1813h_milkv_duos_sd/bl2/lz4_all.o
 .text.LZ4F_createDecompressionContext
                0x000000000c0042a0       0x30 /home/catcatbing/dev/project/join_rtt/rt-thread/bsp/cvitek/cvitek_bootloader/fsbl/build/cv1813h_milkv_duos_sd/bl2/lz4_all.o
                0x000000000c0042a0                LZ4F_createDecompressionContext
 .text.LZ4F_decompress
                0x000000000c0042d0      0x7a8 /home/catcatbing/dev/project/join_rtt/rt-thread/bsp/cvitek/cvitek_bootloader/fsbl/build/cv1813h_milkv_duos_sd/bl2/lz4_all.o
                0x000000000c0042d0                LZ4F_decompress
 .text.XXH32_avalanche
                0x000000000c004a78       0x2e /home/catcatbing/dev/project/join_rtt/rt-thread/bsp/cvitek/cvitek_bootloader/fsbl/build/cv1813h_milkv_duos_sd/bl2/xxhash.o
 .text.XXH_read32
                0x000000000c004aa6       0x16 /home/catcatbing/dev/project/join_rtt/rt-thread/bsp/cvitek/cvitek_bootloader/fsbl/build/cv1813h_milkv_duos_sd/bl2/xxhash.o
 .text.XXH32_finalize.constprop.0
                0x000000000c004abc      0x338 /home/catcatbing/dev/project/join_rtt/rt-thread/bsp/cvitek/cvitek_bootloader/fsbl/build/cv1813h_milkv_duos_sd/bl2/xxhash.o
 .text.XXH32    0x000000000c004df4      0x1c4 /home/catcatbing/dev/project/join_rtt/rt-thread/bsp/cvitek/cvitek_bootloader/fsbl/build/cv1813h_milkv_duos_sd/bl2/xxhash.o
                0x000000000c004df4                XXH32
 .text.XXH32_reset
                0x000000000c004fb8       0x56 /home/catcatbing/dev/project/join_rtt/rt-thread/bsp/cvitek/cvitek_bootloader/fsbl/build/cv1813h_milkv_duos_sd/bl2/xxhash.o
                0x000000000c004fb8                XXH32_reset
 .text.XXH32_update
                0x000000000c00500e      0x1d0 /home/catcatbing/dev/project/join_rtt/rt-thread/bsp/cvitek/cvitek_bootloader/fsbl/build/cv1813h_milkv_duos_sd/bl2/xxhash.o
                0x000000000c00500e                XXH32_update
 .text.XXH32_digest
                0x000000000c0051de       0x40 /home/catcatbing/dev/project/join_rtt/rt-thread/bsp/cvitek/cvitek_bootloader/fsbl/build/cv1813h_milkv_duos_sd/bl2/xxhash.o
                0x000000000c0051de                XXH32_digest
 .text.dec_verify_image
                0x000000000c00521e        0x4 /home/catcatbing/dev/project/join_rtt/rt-thread/bsp/cvitek/cvitek_bootloader/fsbl/build/cv1813h_milkv_duos_sd/bl2/bl2_main.o
                0x000000000c00521e                dec_verify_image
 .text.set_baudrate
                0x000000000c005222       0x1e /home/catcatbing/dev/project/join_rtt/rt-thread/bsp/cvitek/cvitek_bootloader/fsbl/build/cv1813h_milkv_duos_sd/bl2/bl2_main.o
                0x000000000c005222                set_baudrate
 .text.bl2_main
                0x000000000c005240       0xda /home/catcatbing/dev/project/join_rtt/rt-thread/bsp/cvitek/cvitek_bootloader/fsbl/build/cv1813h_milkv_duos_sd/bl2/bl2_main.o
                0x000000000c005240                bl2_main
 .text.ddr_init
                0x000000000c00531a       0x34 /home/catcatbing/dev/project/join_rtt/rt-thread/bsp/cvitek/cvitek_bootloader/fsbl/build/cv1813h_milkv_duos_sd/bl2/ddr.o
                0x000000000c00531a                ddr_init
 .text.read_ddr_pkg_info
                0x000000000c00534e      0x27c /home/catcatbing/dev/project/join_rtt/rt-thread/bsp/cvitek/cvitek_bootloader/fsbl/build/cv1813h_milkv_duos_sd/bl2/ddr_pkg_info.o
                0x000000000c00534e                read_ddr_pkg_info
 .text.get_ddr_vendor
                0x000000000c0055ca        0xa /home/catcatbing/dev/project/join_rtt/rt-thread/bsp/cvitek/cvitek_bootloader/fsbl/build/cv1813h_milkv_duos_sd/bl2/ddr_pkg_info.o
                0x000000000c0055ca                get_ddr_vendor
 .text.get_pkg  0x000000000c0055d4        0xa /home/catcatbing/dev/project/join_rtt/rt-thread/bsp/cvitek/cvitek_bootloader/fsbl/build/cv1813h_milkv_duos_sd/bl2/ddr_pkg_info.o
                0x000000000c0055d4                get_pkg
 .text.axi_mon_start_all
                0x000000000c0055de       0x50 /home/catcatbing/dev/project/join_rtt/rt-thread/bsp/cvitek/cvitek_bootloader/fsbl/build/cv1813h_milkv_duos_sd/bl2/ddr_sys_bring_up.o
                0x000000000c0055de                axi_mon_start_all
 .text.ddr_sys_bring_up
                0x000000000c00562e      0x24e /home/catcatbing/dev/project/join_rtt/rt-thread/bsp/cvitek/cvitek_bootloader/fsbl/build/cv1813h_milkv_duos_sd/bl2/ddr_sys_bring_up.o
                0x000000000c00562e                ddr_sys_bring_up
 .text.cvx16_bist_wr_prbs_init
                0x000000000c00587c       0x4e /home/catcatbing/dev/project/join_rtt/rt-thread/bsp/cvitek/cvitek_bootloader/fsbl/build/cv1813h_milkv_duos_sd/bl2/ddr_sys.o
                0x000000000c00587c                cvx16_bist_wr_prbs_init
 .text.cvx16_bist_wr_sram_init
                0x000000000c0058ca       0x60 /home/catcatbing/dev/project/join_rtt/rt-thread/bsp/cvitek/cvitek_bootloader/fsbl/build/cv1813h_milkv_duos_sd/bl2/ddr_sys.o
                0x000000000c0058ca                cvx16_bist_wr_sram_init
 .text.cvx16_bist_wrlvl_init
                0x000000000c00592a       0x46 /home/catcatbing/dev/project/join_rtt/rt-thread/bsp/cvitek/cvitek_bootloader/fsbl/build/cv1813h_milkv_duos_sd/bl2/ddr_sys.o
                0x000000000c00592a                cvx16_bist_wrlvl_init
 .text.cvx16_bist_rdglvl_init
                0x000000000c005970       0x46 /home/catcatbing/dev/project/join_rtt/rt-thread/bsp/cvitek/cvitek_bootloader/fsbl/build/cv1813h_milkv_duos_sd/bl2/ddr_sys.o
                0x000000000c005970                cvx16_bist_rdglvl_init
 .text.cvx16_bist_rdlvl_init
                0x000000000c0059b6       0xe6 /home/catcatbing/dev/project/join_rtt/rt-thread/bsp/cvitek/cvitek_bootloader/fsbl/build/cv1813h_milkv_duos_sd/bl2/ddr_sys.o
                0x000000000c0059b6                cvx16_bist_rdlvl_init
 .text.cvx16_bist_wdqlvl_init
                0x000000000c005a9c       0xb0 /home/catcatbing/dev/project/join_rtt/rt-thread/bsp/cvitek/cvitek_bootloader/fsbl/build/cv1813h_milkv_duos_sd/bl2/ddr_sys.o
                0x000000000c005a9c                cvx16_bist_wdqlvl_init
 .text.cvx16_bist_wdmlvl_init
                0x000000000c005b4c       0x60 /home/catcatbing/dev/project/join_rtt/rt-thread/bsp/cvitek/cvitek_bootloader/fsbl/build/cv1813h_milkv_duos_sd/bl2/ddr_sys.o
                0x000000000c005b4c                cvx16_bist_wdmlvl_init
 .text.cvx16_bist_start_check
                0x000000000c005bac       0x68 /home/catcatbing/dev/project/join_rtt/rt-thread/bsp/cvitek/cvitek_bootloader/fsbl/build/cv1813h_milkv_duos_sd/bl2/ddr_sys.o
                0x000000000c005bac                cvx16_bist_start_check
 .text.cvx16_rdvld_train
                0x000000000c005c14       0x9e /home/catcatbing/dev/project/join_rtt/rt-thread/bsp/cvitek/cvitek_bootloader/fsbl/build/cv1813h_milkv_duos_sd/bl2/ddr_sys.o
                0x000000000c005c14                cvx16_rdvld_train
 .text.cvx16_synp_mrw
                0x000000000c005cb2       0x6e /home/catcatbing/dev/project/join_rtt/rt-thread/bsp/cvitek/cvitek_bootloader/fsbl/build/cv1813h_milkv_duos_sd/bl2/ddr_sys.o
                0x000000000c005cb2                cvx16_synp_mrw
 .text.cvx16_dll_cal
                0x000000000c005d20       0x5c /home/catcatbing/dev/project/join_rtt/rt-thread/bsp/cvitek/cvitek_bootloader/fsbl/build/cv1813h_milkv_duos_sd/bl2/ddr_sys.o
                0x000000000c005d20                cvx16_dll_cal
 .text.cvx16_clk_normal
                0x000000000c005d7c       0x58 /home/catcatbing/dev/project/join_rtt/rt-thread/bsp/cvitek/cvitek_bootloader/fsbl/build/cv1813h_milkv_duos_sd/bl2/ddr_sys.o
                0x000000000c005d7c                cvx16_clk_normal
 .text.cvx16_clk_div2
                0x000000000c005dd4       0x16 /home/catcatbing/dev/project/join_rtt/rt-thread/bsp/cvitek/cvitek_bootloader/fsbl/build/cv1813h_milkv_duos_sd/bl2/ddr_sys.o
                0x000000000c005dd4                cvx16_clk_div2
 .text.cvx16_clk_div40
                0x000000000c005dea       0x16 /home/catcatbing/dev/project/join_rtt/rt-thread/bsp/cvitek/cvitek_bootloader/fsbl/build/cv1813h_milkv_duos_sd/bl2/ddr_sys.o
                0x000000000c005dea                cvx16_clk_div40
 .text.cvx16_chg_pll_freq
                0x000000000c005e00       0xf2 /home/catcatbing/dev/project/join_rtt/rt-thread/bsp/cvitek/cvitek_bootloader/fsbl/build/cv1813h_milkv_duos_sd/bl2/ddr_sys.o
                0x000000000c005e00                cvx16_chg_pll_freq
 .text.cvx16_ddr_phy_power_on_seq1
                0x000000000c005ef2       0x42 /home/catcatbing/dev/project/join_rtt/rt-thread/bsp/cvitek/cvitek_bootloader/fsbl/build/cv1813h_milkv_duos_sd/bl2/ddr_sys.o
                0x000000000c005ef2                cvx16_ddr_phy_power_on_seq1
 .text.cvx16_ddr_phy_power_on_seq2
                0x000000000c005f34       0x46 /home/catcatbing/dev/project/join_rtt/rt-thread/bsp/cvitek/cvitek_bootloader/fsbl/build/cv1813h_milkv_duos_sd/bl2/ddr_sys.o
                0x000000000c005f34                cvx16_ddr_phy_power_on_seq2
 .text.cvx16_ddr_phy_power_on_seq3
                0x000000000c005f7a       0x38 /home/catcatbing/dev/project/join_rtt/rt-thread/bsp/cvitek/cvitek_bootloader/fsbl/build/cv1813h_milkv_duos_sd/bl2/ddr_sys.o
                0x000000000c005f7a                cvx16_ddr_phy_power_on_seq3
 .text.cvx16_wait_for_dfi_init_complete
                0x000000000c005fb2       0x34 /home/catcatbing/dev/project/join_rtt/rt-thread/bsp/cvitek/cvitek_bootloader/fsbl/build/cv1813h_milkv_duos_sd/bl2/ddr_sys.o
                0x000000000c005fb2                cvx16_wait_for_dfi_init_complete
 .text.cvx16_polling_dfi_init_start
                0x000000000c005fe6       0x18 /home/catcatbing/dev/project/join_rtt/rt-thread/bsp/cvitek/cvitek_bootloader/fsbl/build/cv1813h_milkv_duos_sd/bl2/ddr_sys.o
                0x000000000c005fe6                cvx16_polling_dfi_init_start
 .text.cvx16_set_dfi_init_complete
                0x000000000c005ffe       0x28 /home/catcatbing/dev/project/join_rtt/rt-thread/bsp/cvitek/cvitek_bootloader/fsbl/build/cv1813h_milkv_duos_sd/bl2/ddr_sys.o
                0x000000000c005ffe                cvx16_set_dfi_init_complete
 .text.cvx16_INT_ISR_08
                0x000000000c006026       0x2a /home/catcatbing/dev/project/join_rtt/rt-thread/bsp/cvitek/cvitek_bootloader/fsbl/build/cv1813h_milkv_duos_sd/bl2/ddr_sys.o
                0x000000000c006026                cvx16_INT_ISR_08
 .text.cvx16_polling_synp_normal_mode
                0x000000000c006050       0x1a /home/catcatbing/dev/project/join_rtt/rt-thread/bsp/cvitek/cvitek_bootloader/fsbl/build/cv1813h_milkv_duos_sd/bl2/ddr_sys.o
                0x000000000c006050                cvx16_polling_synp_normal_mode
 .text.cvx16_dfi_ca_park_prbs
                0x000000000c00606a       0x66 /home/catcatbing/dev/project/join_rtt/rt-thread/bsp/cvitek/cvitek_bootloader/fsbl/build/cv1813h_milkv_duos_sd/bl2/ddr_sys.o
                0x000000000c00606a                cvx16_dfi_ca_park_prbs
 .text.cvx16_setting_check
                0x000000000c0060d0       0x20 /home/catcatbing/dev/project/join_rtt/rt-thread/bsp/cvitek/cvitek_bootloader/fsbl/build/cv1813h_milkv_duos_sd/bl2/ddr_sys.o
                0x000000000c0060d0                cvx16_setting_check
 .text.cvx16_set_dfi_init_start
                0x000000000c0060f0       0x24 /home/catcatbing/dev/project/join_rtt/rt-thread/bsp/cvitek/cvitek_bootloader/fsbl/build/cv1813h_milkv_duos_sd/bl2/ddr_sys.o
                0x000000000c0060f0                cvx16_set_dfi_init_start
 .text.cvx16_pll_init
                0x000000000c006114       0x9a /home/catcatbing/dev/project/join_rtt/rt-thread/bsp/cvitek/cvitek_bootloader/fsbl/build/cv1813h_milkv_duos_sd/bl2/ddr_sys.o
                0x000000000c006114                cvx16_pll_init
 .text.cvx16_clk_gating_disable
                0x000000000c0061ae       0x42 /home/catcatbing/dev/project/join_rtt/rt-thread/bsp/cvitek/cvitek_bootloader/fsbl/build/cv1813h_milkv_duos_sd/bl2/ddr_sys.o
                0x000000000c0061ae                cvx16_clk_gating_disable
 .text.cvx16_clk_gating_enable
                0x000000000c0061f0       0x60 /home/catcatbing/dev/project/join_rtt/rt-thread/bsp/cvitek/cvitek_bootloader/fsbl/build/cv1813h_milkv_duos_sd/bl2/ddr_sys.o
                0x000000000c0061f0                cvx16_clk_gating_enable
 .text.cvx16_wrlvl_req
                0x000000000c006250      0x1bc /home/catcatbing/dev/project/join_rtt/rt-thread/bsp/cvitek/cvitek_bootloader/fsbl/build/cv1813h_milkv_duos_sd/bl2/ddr_sys.o
                0x000000000c006250                cvx16_wrlvl_req
 .text.cvx16_rdglvl_req
                0x000000000c00640c      0x12a /home/catcatbing/dev/project/join_rtt/rt-thread/bsp/cvitek/cvitek_bootloader/fsbl/build/cv1813h_milkv_duos_sd/bl2/ddr_sys.o
                0x000000000c00640c                cvx16_rdglvl_req
 .text.cvx16_rdlvl_req
                0x000000000c006536      0x1ca /home/catcatbing/dev/project/join_rtt/rt-thread/bsp/cvitek/cvitek_bootloader/fsbl/build/cv1813h_milkv_duos_sd/bl2/ddr_sys.o
                0x000000000c006536                cvx16_rdlvl_req
 .text.cvx16_wdqlvl_req
                0x000000000c006700      0x172 /home/catcatbing/dev/project/join_rtt/rt-thread/bsp/cvitek/cvitek_bootloader/fsbl/build/cv1813h_milkv_duos_sd/bl2/ddr_sys.o
                0x000000000c006700                cvx16_wdqlvl_req
 .text.cvx16_en_rec_vol_mode
                0x000000000c006872        0x2 /home/catcatbing/dev/project/join_rtt/rt-thread/bsp/cvitek/cvitek_bootloader/fsbl/build/cv1813h_milkv_duos_sd/bl2/ddr_sys.o
                0x000000000c006872                cvx16_en_rec_vol_mode
 .text.ctrl_init_detect_dram_size
                0x000000000c006874      0x114 /home/catcatbing/dev/project/join_rtt/rt-thread/bsp/cvitek/cvitek_bootloader/fsbl/build/cv1813h_milkv_duos_sd/bl2/ddr_sys.o
                0x000000000c006874                ctrl_init_detect_dram_size
 .text.pll_init
                0x000000000c006988       0xba /home/catcatbing/dev/project/join_rtt/rt-thread/bsp/cvitek/cvitek_bootloader/fsbl/build/cv1813h_milkv_duos_sd/bl2/phy_pll_init.o
                0x000000000c006988                pll_init
 .text.cvx16_pinmux
                0x000000000c006a42      0x33a /home/catcatbing/dev/project/join_rtt/rt-thread/bsp/cvitek/cvitek_bootloader/fsbl/build/cv1813h_milkv_duos_sd/bl2/cvx16_pinmux.o
                0x000000000c006a42                cvx16_pinmux
 .text.cvx16_dram_cap_check
                0x000000000c006d7c        0x2 /home/catcatbing/dev/project/join_rtt/rt-thread/bsp/cvitek/cvitek_bootloader/fsbl/build/cv1813h_milkv_duos_sd/bl2/cvx16_dram_cap_check.o
                0x000000000c006d7c                cvx16_dram_cap_check
 .text.ddrc_init
                0x000000000c006d7e      0x21e /home/catcatbing/dev/project/join_rtt/rt-thread/bsp/cvitek/cvitek_bootloader/fsbl/build/cv1813h_milkv_duos_sd/bl2/ddrc_init.o
                0x000000000c006d7e                ddrc_init
 .text.ctrl_init_high_patch
                0x000000000c006f9c       0x1c /home/catcatbing/dev/project/join_rtt/rt-thread/bsp/cvitek/cvitek_bootloader/fsbl/build/cv1813h_milkv_duos_sd/bl2/ddrc_init.o
                0x000000000c006f9c                ctrl_init_high_patch
 .text.ctrl_init_low_patch
                0x000000000c006fb8       0x1e /home/catcatbing/dev/project/join_rtt/rt-thread/bsp/cvitek/cvitek_bootloader/fsbl/build/cv1813h_milkv_duos_sd/bl2/ddrc_init.o
                0x000000000c006fb8                ctrl_init_low_patch
 .text.ctrl_init_update_by_dram_size
                0x000000000c006fd6       0xb0 /home/catcatbing/dev/project/join_rtt/rt-thread/bsp/cvitek/cvitek_bootloader/fsbl/build/cv1813h_milkv_duos_sd/bl2/ddrc_init.o
                0x000000000c006fd6                ctrl_init_update_by_dram_size
 .text.phy_init
                0x000000000c007086      0x3b2 /home/catcatbing/dev/project/join_rtt/rt-thread/bsp/cvitek/cvitek_bootloader/fsbl/build/cv1813h_milkv_duos_sd/bl2/phy_init.o
                0x000000000c007086                phy_init
 *(.rodata*)
 .rodata.build_message
                0x000000000c007438       0x1a /home/catcatbing/dev/project/join_rtt/rt-thread/bsp/cvitek/cvitek_bootloader/fsbl/build/cv1813h_milkv_duos_sd/bl2/build_message.o
                0x000000000c007438                build_message
 *fill*         0x000000000c007452        0x6 
 .rodata.version_string
                0x000000000c007458       0x11 /home/catcatbing/dev/project/join_rtt/rt-thread/bsp/cvitek/cvitek_bootloader/fsbl/build/cv1813h_milkv_duos_sd/bl2/build_message.o
                0x000000000c007458                version_string
 *fill*         0x000000000c007469        0x7 
 .rodata.jump_to_monitor.str1.8
                0x000000000c007470       0x26 /home/catcatbing/dev/project/join_rtt/rt-thread/bsp/cvitek/cvitek_bootloader/fsbl/build/cv1813h_milkv_duos_sd/bl2/bl2_helper.o
 *fill*         0x000000000c007496        0x2 
 .rodata.tf_printf.str1.8
                0x000000000c007498        0x3 /home/catcatbing/dev/project/join_rtt/rt-thread/bsp/cvitek/cvitek_bootloader/fsbl/build/cv1813h_milkv_duos_sd/bl2/tf_printf.o
 *fill*         0x000000000c00749b        0x1 
 .rodata.tf_printf
                0x000000000c00749c       0x5c /home/catcatbing/dev/project/join_rtt/rt-thread/bsp/cvitek/cvitek_bootloader/fsbl/build/cv1813h_milkv_duos_sd/bl2/tf_printf.o
 .rodata.__system_reset.str1.8
                0x000000000c0074f8       0x12 /home/catcatbing/dev/project/join_rtt/rt-thread/bsp/cvitek/cvitek_bootloader/fsbl/build/cv1813h_milkv_duos_sd/bl2/platform.o
 *fill*         0x000000000c00750a        0x6 
 .rodata.panic_handler.str1.8
                0x000000000c007510       0x16 /home/catcatbing/dev/project/join_rtt/rt-thread/bsp/cvitek/cvitek_bootloader/fsbl/build/cv1813h_milkv_duos_sd/bl2/platform.o
 *fill*         0x000000000c007526        0x2 
 .rodata.reset_c906l.str1.8
                0x000000000c007528        0x8 /home/catcatbing/dev/project/join_rtt/rt-thread/bsp/cvitek/cvitek_bootloader/fsbl/build/cv1813h_milkv_duos_sd/bl2/platform.o
 .rodata.sys_pll_od.str1.8
                0x000000000c007530        0xc /home/catcatbing/dev/project/join_rtt/rt-thread/bsp/cvitek/cvitek_bootloader/fsbl/build/cv1813h_milkv_duos_sd/bl2/platform.o
 *fill*         0x000000000c00753c        0x4 
 .rodata.sys_pll_nd.str1.8
                0x000000000c007540       0x19 /home/catcatbing/dev/project/join_rtt/rt-thread/bsp/cvitek/cvitek_bootloader/fsbl/build/cv1813h_milkv_duos_sd/bl2/platform.o
 *fill*         0x000000000c007559        0x7 
 .rodata.switch_rtc_mode_1st_stage.str1.8
                0x000000000c007560       0x1b /home/catcatbing/dev/project/join_rtt/rt-thread/bsp/cvitek/cvitek_bootloader/fsbl/build/cv1813h_milkv_duos_sd/bl2/platform.o
 *fill*         0x000000000c00757b        0x5 
 .rodata.switch_rtc_mode_2nd_stage.str1.8
                0x000000000c007580       0x36 /home/catcatbing/dev/project/join_rtt/rt-thread/bsp/cvitek/cvitek_bootloader/fsbl/build/cv1813h_milkv_duos_sd/bl2/platform.o
 *fill*         0x000000000c0075b6        0x2 
 .rodata.set_rtc_en_registers.str1.8
                0x000000000c0075b8       0x2c /home/catcatbing/dev/project/join_rtt/rt-thread/bsp/cvitek/cvitek_bootloader/fsbl/build/cv1813h_milkv_duos_sd/bl2/platform.o
 *fill*         0x000000000c0075e4        0x4 
 .rodata.cst8   0x000000000c0075e8       0x38 /home/catcatbing/dev/project/join_rtt/rt-thread/bsp/cvitek/cvitek_bootloader/fsbl/build/cv1813h_milkv_duos_sd/bl2/platform.o
 .rodata.efuse_wait_idle.str1.8
                0x000000000c007620       0x15 /home/catcatbing/dev/project/join_rtt/rt-thread/bsp/cvitek/cvitek_bootloader/fsbl/build/cv1813h_milkv_duos_sd/bl2/security.o
 *fill*         0x000000000c007635        0x3 
 .rodata.cst8   0x000000000c007638        0x8 /home/catcatbing/dev/project/join_rtt/rt-thread/bsp/cvitek/cvitek_bootloader/fsbl/build/cv1813h_milkv_duos_sd/bl2/mem.o
 .rodata.lock_efuse_chipsn.str1.8
                0x000000000c007640       0x70 /home/catcatbing/dev/project/join_rtt/rt-thread/bsp/cvitek/cvitek_bootloader/fsbl/build/cv1813h_milkv_duos_sd/bl2/bl2_opt.o
 .rodata.load_param2.str1.8
                0x000000000c0076b0       0x58 /home/catcatbing/dev/project/join_rtt/rt-thread/bsp/cvitek/cvitek_bootloader/fsbl/build/cv1813h_milkv_duos_sd/bl2/bl2_opt.o
 .rodata.load_ddr_param.str1.8
                0x000000000c007708       0x48 /home/catcatbing/dev/project/join_rtt/rt-thread/bsp/cvitek/cvitek_bootloader/fsbl/build/cv1813h_milkv_duos_sd/bl2/bl2_opt.o
 .rodata.load_ddr.str1.8
                0x000000000c007750       0x4d /home/catcatbing/dev/project/join_rtt/rt-thread/bsp/cvitek/cvitek_bootloader/fsbl/build/cv1813h_milkv_duos_sd/bl2/bl2_opt.o
 *fill*         0x000000000c00779d        0x3 
 .rodata.load_blcp_2nd.str1.8
                0x000000000c0077a0       0xe0 /home/catcatbing/dev/project/join_rtt/rt-thread/bsp/cvitek/cvitek_bootloader/fsbl/build/cv1813h_milkv_duos_sd/bl2/bl2_opt.o
 .rodata.load_monitor.str1.8
                0x000000000c007880       0xcf /home/catcatbing/dev/project/join_rtt/rt-thread/bsp/cvitek/cvitek_bootloader/fsbl/build/cv1813h_milkv_duos_sd/bl2/bl2_opt.o
 *fill*         0x000000000c00794f        0x1 
 .rodata.load_loader_2nd.str1.8
                0x000000000c007950       0xce /home/catcatbing/dev/project/join_rtt/rt-thread/bsp/cvitek/cvitek_bootloader/fsbl/build/cv1813h_milkv_duos_sd/bl2/bl2_opt.o
 *fill*         0x000000000c007a1e        0x2 
 .rodata.load_rest.str1.8
                0x000000000c007a20       0x60 /home/catcatbing/dev/project/join_rtt/rt-thread/bsp/cvitek/cvitek_bootloader/fsbl/build/cv1813h_milkv_duos_sd/bl2/bl2_opt.o
 .rodata.cst8   0x000000000c007a80        0x8 /home/catcatbing/dev/project/join_rtt/rt-thread/bsp/cvitek/cvitek_bootloader/fsbl/build/cv1813h_milkv_duos_sd/bl2/bl2_opt.o
 .rodata.SzAlloc.str1.8
                0x000000000c007a88       0x1f /home/catcatbing/dev/project/join_rtt/rt-thread/bsp/cvitek/cvitek_bootloader/fsbl/build/cv1813h_milkv_duos_sd/bl2/decompress.o
 *fill*         0x000000000c007aa7        0x1 
 .rodata.decompress_lzma.str1.8
                0x000000000c007aa8       0x92 /home/catcatbing/dev/project/join_rtt/rt-thread/bsp/cvitek/cvitek_bootloader/fsbl/build/cv1813h_milkv_duos_sd/bl2/decompress.o
 *fill*         0x000000000c007b3a        0x6 
 .rodata.decompress_lz4.str1.8
                0x000000000c007b40       0x72 /home/catcatbing/dev/project/join_rtt/rt-thread/bsp/cvitek/cvitek_bootloader/fsbl/build/cv1813h_milkv_duos_sd/bl2/decompress.o
 *fill*         0x000000000c007bb2        0x6 
 .rodata.decompress.str1.8
                0x000000000c007bb8       0x31 /home/catcatbing/dev/project/join_rtt/rt-thread/bsp/cvitek/cvitek_bootloader/fsbl/build/cv1813h_milkv_duos_sd/bl2/decompress.o
 *fill*         0x000000000c007be9        0x7 
 .rodata.__func__.0
                0x000000000c007bf0        0x8 /home/catcatbing/dev/project/join_rtt/rt-thread/bsp/cvitek/cvitek_bootloader/fsbl/build/cv1813h_milkv_duos_sd/bl2/decompress.o
 .rodata.__func__.1
                0x000000000c007bf8       0x10 /home/catcatbing/dev/project/join_rtt/rt-thread/bsp/cvitek/cvitek_bootloader/fsbl/build/cv1813h_milkv_duos_sd/bl2/decompress.o
 .rodata.LZ4F_decompress
                0x000000000c007c08       0x3c /home/catcatbing/dev/project/join_rtt/rt-thread/bsp/cvitek/cvitek_bootloader/fsbl/build/cv1813h_milkv_duos_sd/bl2/lz4_all.o
 *fill*         0x000000000c007c44        0x4 
 .rodata.blockSizes.0
                0x000000000c007c48       0x20 /home/catcatbing/dev/project/join_rtt/rt-thread/bsp/cvitek/cvitek_bootloader/fsbl/build/cv1813h_milkv_duos_sd/bl2/lz4_all.o
 .rodata.dec64table
                0x000000000c007c68       0x20 /home/catcatbing/dev/project/join_rtt/rt-thread/bsp/cvitek/cvitek_bootloader/fsbl/build/cv1813h_milkv_duos_sd/bl2/lz4_all.o
 .rodata.inc32table
                0x000000000c007c88       0x20 /home/catcatbing/dev/project/join_rtt/rt-thread/bsp/cvitek/cvitek_bootloader/fsbl/build/cv1813h_milkv_duos_sd/bl2/lz4_all.o
 .rodata.XXH32_finalize.constprop.0
                0x000000000c007ca8       0x3c /home/catcatbing/dev/project/join_rtt/rt-thread/bsp/cvitek/cvitek_bootloader/fsbl/build/cv1813h_milkv_duos_sd/bl2/xxhash.o
 *fill*         0x000000000c007ce4        0x4 
 .rodata.bl2_main.str1.8
                0x000000000c007ce8       0x84 /home/catcatbing/dev/project/join_rtt/rt-thread/bsp/cvitek/cvitek_bootloader/fsbl/build/cv1813h_milkv_duos_sd/bl2/bl2_main.o
 *fill*         0x000000000c007d6c        0x4 
 .rodata.ddr_init.str1.8
                0x000000000c007d70       0x2e /home/catcatbing/dev/project/join_rtt/rt-thread/bsp/cvitek/cvitek_bootloader/fsbl/build/cv1813h_milkv_duos_sd/bl2/ddr.o
 *fill*         0x000000000c007d9e        0x2 
 .rodata.read_ddr_pkg_info.str1.8
                0x000000000c007da0       0xca /home/catcatbing/dev/project/join_rtt/rt-thread/bsp/cvitek/cvitek_bootloader/fsbl/build/cv1813h_milkv_duos_sd/bl2/ddr_pkg_info.o
 *fill*         0x000000000c007e6a        0x2 
 .rodata.read_ddr_pkg_info
                0x000000000c007e6c       0x48 /home/catcatbing/dev/project/join_rtt/rt-thread/bsp/cvitek/cvitek_bootloader/fsbl/build/cv1813h_milkv_duos_sd/bl2/ddr_pkg_info.o
 *fill*         0x000000000c007eb4        0x4 
 .rodata.ddr_sys_bring_up.str1.8
                0x000000000c007eb8       0x81 /home/catcatbing/dev/project/join_rtt/rt-thread/bsp/cvitek/cvitek_bootloader/fsbl/build/cv1813h_milkv_duos_sd/bl2/ddr_sys_bring_up.o
 *fill*         0x000000000c007f39        0x7 
 .rodata.cst8   0x000000000c007f40       0x20 /home/catcatbing/dev/project/join_rtt/rt-thread/bsp/cvitek/cvitek_bootloader/fsbl/build/cv1813h_milkv_duos_sd/bl2/ddr_sys.o
 .rodata.pll_init.str1.8
                0x000000000c007f60       0x11 /home/catcatbing/dev/project/join_rtt/rt-thread/bsp/cvitek/cvitek_bootloader/fsbl/build/cv1813h_milkv_duos_sd/bl2/phy_pll_init.o
 *fill*         0x000000000c007f71        0x3 
 .rodata.cvx16_pinmux
                0x000000000c007f74       0x28 /home/catcatbing/dev/project/join_rtt/rt-thread/bsp/cvitek/cvitek_bootloader/fsbl/build/cv1813h_milkv_duos_sd/bl2/cvx16_pinmux.o
 .rodata.ctrl_init_update_by_dram_size
                0x000000000c007f9c       0x14 /home/catcatbing/dev/project/join_rtt/rt-thread/bsp/cvitek/cvitek_bootloader/fsbl/build/cv1813h_milkv_duos_sd/bl2/ddrc_init.o
                0x000000000c007fb0                __RO_END__ = .

.rela.dyn       0x000000000c007fb0        0x0
 .rela.text.init
                0x000000000c007fb0        0x0 /home/catcatbing/dev/project/join_rtt/rt-thread/bsp/cvitek/cvitek_bootloader/fsbl/build/cv1813h_milkv_duos_sd/bl2/cache.o

.data           0x000000000c007fb0      0x1f0
                0x000000000c007fb0                . = ALIGN (0x10)
                0x000000000c007fb0                __DATA_START__ = .
 *(.data*)
 .data.fip_param1
                0x000000000c007fb0        0x8 /home/catcatbing/dev/project/join_rtt/rt-thread/bsp/cvitek/cvitek_bootloader/fsbl/build/cv1813h_milkv_duos_sd/bl2/bl2_opt.o
                0x000000000c007fb0                fip_param1
 .data.time_records
                0x000000000c007fb8        0x8 /home/catcatbing/dev/project/join_rtt/rt-thread/bsp/cvitek/cvitek_bootloader/fsbl/build/cv1813h_milkv_duos_sd/bl2/bl2_opt.o
                0x000000000c007fb8                time_records
 .data.ddr_data_rate
                0x000000000c007fc0        0x4 /home/catcatbing/dev/project/join_rtt/rt-thread/bsp/cvitek/cvitek_bootloader/fsbl/build/cv1813h_milkv_duos_sd/bl2/ddrc_init.o
                0x000000000c007fc0                ddr_data_rate
 *fill*         0x000000000c007fc4        0x4 
 .data.ddr_patch_regs
                0x000000000c007fc8      0x1c8 /home/catcatbing/dev/project/join_rtt/rt-thread/bsp/cvitek/cvitek_bootloader/fsbl/build/cv1813h_milkv_duos_sd/bl2/ddr_patch_regs.o
                0x000000000c007fc8                ddr_patch_regs
 .data.ddr_patch_regs_count
                0x000000000c008190        0x4 /home/catcatbing/dev/project/join_rtt/rt-thread/bsp/cvitek/cvitek_bootloader/fsbl/build/cv1813h_milkv_duos_sd/bl2/ddr_patch_regs.o
                0x000000000c008190                ddr_patch_regs_count
                0x000000000c0081a0                . = ALIGN (0x10)
 *fill*         0x000000000c008194        0xc 
                0x000000000c0081a0                __DATA_END__ = .

stacks          0x000000000c0081a0     0x2020
                0x000000000c0081c0                . = ALIGN (0x40)
 *fill*         0x000000000c0081a0       0x20 
                0x000000000c0081c0                __STACKS_START__ = .
                0x000000000c00a1c0                . = (. + 0x2000)
 *fill*         0x000000000c0081c0     0x2000 
                0x000000000c00a1c0                . = ALIGN (0x40)
                0x000000000c00a1c0                __STACKS_END__ = .

.bss            0x000000000c00a200     0x5070
                0x000000000c00a200                . = ALIGN (0x10)
                0x000000000c00a200                __BSS_START__ = .
 *(SORT_BY_ALIGNMENT(.bss*))
 .bss.fip_param2
                0x000000000c00a200     0x1000 /home/catcatbing/dev/project/join_rtt/rt-thread/bsp/cvitek/cvitek_bootloader/fsbl/build/cv1813h_milkv_duos_sd/bl2/bl2_opt.o
 .bss.sram_union_buf
                0x000000000c00b200     0x4000 /home/catcatbing/dev/project/join_rtt/rt-thread/bsp/cvitek/cvitek_bootloader/fsbl/build/cv1813h_milkv_duos_sd/bl2/bl2_opt.o
 .bss.fw_dynamic_info
                0x000000000c00f200       0x30 /home/catcatbing/dev/project/join_rtt/rt-thread/bsp/cvitek/cvitek_bootloader/fsbl/build/cv1813h_milkv_duos_sd/bl2/bl2_helper.o
 .bss.comp_alloc_buf
                0x000000000c00f230        0x8 /home/catcatbing/dev/project/join_rtt/rt-thread/bsp/cvitek/cvitek_bootloader/fsbl/build/cv1813h_milkv_duos_sd/bl2/decompress.o
 .bss.comp_alloc_size
                0x000000000c00f238        0x8 /home/catcatbing/dev/project/join_rtt/rt-thread/bsp/cvitek/cvitek_bootloader/fsbl/build/cv1813h_milkv_duos_sd/bl2/decompress.o
 .bss.reg_set   0x000000000c00f240        0x8 /home/catcatbing/dev/project/join_rtt/rt-thread/bsp/cvitek/cvitek_bootloader/fsbl/build/cv1813h_milkv_duos_sd/bl2/phy_pll_init.o
                0x000000000c00f240                reg_set
 .bss.reg_span  0x000000000c00f248        0x8 /home/catcatbing/dev/project/join_rtt/rt-thread/bsp/cvitek/cvitek_bootloader/fsbl/build/cv1813h_milkv_duos_sd/bl2/phy_pll_init.o
                0x000000000c00f248                reg_span
 .bss.reg_step  0x000000000c00f250        0x8 /home/catcatbing/dev/project/join_rtt/rt-thread/bsp/cvitek/cvitek_bootloader/fsbl/build/cv1813h_milkv_duos_sd/bl2/phy_pll_init.o
                0x000000000c00f250                reg_step
 .bss.rddata    0x000000000c00f258        0x4 /home/catcatbing/dev/project/join_rtt/rt-thread/bsp/cvitek/cvitek_bootloader/fsbl/build/cv1813h_milkv_duos_sd/bl2/ddr_sys.o
                0x000000000c00f258                rddata
 .bss.dev_freq  0x000000000c00f25c        0x4 /home/catcatbing/dev/project/join_rtt/rt-thread/bsp/cvitek/cvitek_bootloader/fsbl/build/cv1813h_milkv_duos_sd/bl2/phy_pll_init.o
                0x000000000c00f25c                dev_freq
 .bss.freq_in   0x000000000c00f260        0x4 /home/catcatbing/dev/project/join_rtt/rt-thread/bsp/cvitek/cvitek_bootloader/fsbl/build/cv1813h_milkv_duos_sd/bl2/phy_pll_init.o
                0x000000000c00f260                freq_in
 .bss.mod_freq  0x000000000c00f264        0x4 /home/catcatbing/dev/project/join_rtt/rt-thread/bsp/cvitek/cvitek_bootloader/fsbl/build/cv1813h_milkv_duos_sd/bl2/phy_pll_init.o
                0x000000000c00f264                mod_freq
 .bss.tar_freq  0x000000000c00f268        0x4 /home/catcatbing/dev/project/join_rtt/rt-thread/bsp/cvitek/cvitek_bootloader/fsbl/build/cv1813h_milkv_duos_sd/bl2/phy_pll_init.o
                0x000000000c00f268                tar_freq
 .bss.ddr_capacity
                0x000000000c00f26c        0x1 /home/catcatbing/dev/project/join_rtt/rt-thread/bsp/cvitek/cvitek_bootloader/fsbl/build/cv1813h_milkv_duos_sd/bl2/ddr_pkg_info.o
                0x000000000c00f26c                ddr_capacity
 .bss.ddr_type  0x000000000c00f26d        0x1 /home/catcatbing/dev/project/join_rtt/rt-thread/bsp/cvitek/cvitek_bootloader/fsbl/build/cv1813h_milkv_duos_sd/bl2/ddr_pkg_info.o
                0x000000000c00f26d                ddr_type
 .bss.ddr_vendor
                0x000000000c00f26e        0x1 /home/catcatbing/dev/project/join_rtt/rt-thread/bsp/cvitek/cvitek_bootloader/fsbl/build/cv1813h_milkv_duos_sd/bl2/ddr_pkg_info.o
                0x000000000c00f26e                ddr_vendor
 .bss.pkg       0x000000000c00f26f        0x1 /home/catcatbing/dev/project/join_rtt/rt-thread/bsp/cvitek/cvitek_bootloader/fsbl/build/cv1813h_milkv_duos_sd/bl2/ddr_pkg_info.o
                0x000000000c00f26f                pkg
 *(COMMON)
                0x000000000c00f270                . = ALIGN (0x10)
                0x000000000c00f270                __BSS_END__ = .
                0x000000000c00f270                __BL2_END__ = .
                0x0000000000005070                __BSS_SIZE__ = SIZEOF (.bss)
                0x0000000000000001                ASSERT ((. <= 0xc037000), BL2 image has exceeded its limit.)
                0x0000000004418100                p_rom_api_cryptodma_aes_decrypt = 0x4418100
                0x0000000004418080                p_rom_api_flash_init = 0x4418080
                0x0000000004418020                p_rom_api_get_boot_src = 0x4418020
                0x00000000044180c0                p_rom_api_get_number_of_retries = 0x44180c0
                0x00000000044180a0                p_rom_api_image_crc = 0x44180a0
                0x0000000004418060                p_rom_api_load_image = 0x4418060
                0x0000000004418040                p_rom_api_set_boot_src = 0x4418040
                0x00000000044180e0                p_rom_api_verify_rsa = 0x44180e0
LOAD /home/catcatbing/dev/project/join_rtt/rt-thread/bsp/cvitek/cvitek_bootloader/fsbl/build/cv1813h_milkv_duos_sd/bl2/build_message.o
LOAD /home/catcatbing/dev/project/join_rtt/rt-thread/bsp/cvitek/cvitek_bootloader/fsbl/build/cv1813h_milkv_duos_sd/bl2/cpu_helper.o
LOAD /home/catcatbing/dev/project/join_rtt/rt-thread/bsp/cvitek/cvitek_bootloader/fsbl/build/cv1813h_milkv_duos_sd/bl2/misc_helpers.o
LOAD /home/catcatbing/dev/project/join_rtt/rt-thread/bsp/cvitek/cvitek_bootloader/fsbl/build/cv1813h_milkv_duos_sd/bl2/cache.o
LOAD /home/catcatbing/dev/project/join_rtt/rt-thread/bsp/cvitek/cvitek_bootloader/fsbl/build/cv1813h_milkv_duos_sd/bl2/delay_timer.o
LOAD /home/catcatbing/dev/project/join_rtt/rt-thread/bsp/cvitek/cvitek_bootloader/fsbl/build/cv1813h_milkv_duos_sd/bl2/bl2_helper.o
LOAD /home/catcatbing/dev/project/join_rtt/rt-thread/bsp/cvitek/cvitek_bootloader/fsbl/build/cv1813h_milkv_duos_sd/bl2/uart_dw.o
LOAD /home/catcatbing/dev/project/join_rtt/rt-thread/bsp/cvitek/cvitek_bootloader/fsbl/build/cv1813h_milkv_duos_sd/bl2/tf_printf.o
LOAD /home/catcatbing/dev/project/join_rtt/rt-thread/bsp/cvitek/cvitek_bootloader/fsbl/build/cv1813h_milkv_duos_sd/bl2/platform.o
LOAD /home/catcatbing/dev/project/join_rtt/rt-thread/bsp/cvitek/cvitek_bootloader/fsbl/build/cv1813h_milkv_duos_sd/bl2/security.o
LOAD /home/catcatbing/dev/project/join_rtt/rt-thread/bsp/cvitek/cvitek_bootloader/fsbl/build/cv1813h_milkv_duos_sd/bl2/misc.o
LOAD /home/catcatbing/dev/project/join_rtt/rt-thread/bsp/cvitek/cvitek_bootloader/fsbl/build/cv1813h_milkv_duos_sd/bl2/assert.o
LOAD /home/catcatbing/dev/project/join_rtt/rt-thread/bsp/cvitek/cvitek_bootloader/fsbl/build/cv1813h_milkv_duos_sd/bl2/mem.o
LOAD /home/catcatbing/dev/project/join_rtt/rt-thread/bsp/cvitek/cvitek_bootloader/fsbl/build/cv1813h_milkv_duos_sd/bl2/putchar.o
LOAD /home/catcatbing/dev/project/join_rtt/rt-thread/bsp/cvitek/cvitek_bootloader/fsbl/build/cv1813h_milkv_duos_sd/bl2/strchr.o
LOAD /home/catcatbing/dev/project/join_rtt/rt-thread/bsp/cvitek/cvitek_bootloader/fsbl/build/cv1813h_milkv_duos_sd/bl2/strcmp.o
LOAD /home/catcatbing/dev/project/join_rtt/rt-thread/bsp/cvitek/cvitek_bootloader/fsbl/build/cv1813h_milkv_duos_sd/bl2/strlen.o
LOAD /home/catcatbing/dev/project/join_rtt/rt-thread/bsp/cvitek/cvitek_bootloader/fsbl/build/cv1813h_milkv_duos_sd/bl2/strncmp.o
LOAD /home/catcatbing/dev/project/join_rtt/rt-thread/bsp/cvitek/cvitek_bootloader/fsbl/build/cv1813h_milkv_duos_sd/bl2/strnlen.o
LOAD /home/catcatbing/dev/project/join_rtt/rt-thread/bsp/cvitek/cvitek_bootloader/fsbl/build/cv1813h_milkv_duos_sd/bl2/bigdigits.o
LOAD /home/catcatbing/dev/project/join_rtt/rt-thread/bsp/cvitek/cvitek_bootloader/fsbl/build/cv1813h_milkv_duos_sd/bl2/sha256.o
LOAD /home/catcatbing/dev/project/join_rtt/rt-thread/bsp/cvitek/cvitek_bootloader/fsbl/build/cv1813h_milkv_duos_sd/bl2/bl2_opt.o
LOAD /home/catcatbing/dev/project/join_rtt/rt-thread/bsp/cvitek/cvitek_bootloader/fsbl/build/cv1813h_milkv_duos_sd/bl2/decompress.o
LOAD /home/catcatbing/dev/project/join_rtt/rt-thread/bsp/cvitek/cvitek_bootloader/fsbl/build/cv1813h_milkv_duos_sd/bl2/LzmaDec.o
LOAD /home/catcatbing/dev/project/join_rtt/rt-thread/bsp/cvitek/cvitek_bootloader/fsbl/build/cv1813h_milkv_duos_sd/bl2/lz4_all.o
LOAD /home/catcatbing/dev/project/join_rtt/rt-thread/bsp/cvitek/cvitek_bootloader/fsbl/build/cv1813h_milkv_duos_sd/bl2/xxhash.o
LOAD /home/catcatbing/dev/project/join_rtt/rt-thread/bsp/cvitek/cvitek_bootloader/fsbl/build/cv1813h_milkv_duos_sd/bl2/bl2_main.o
LOAD /home/catcatbing/dev/project/join_rtt/rt-thread/bsp/cvitek/cvitek_bootloader/fsbl/build/cv1813h_milkv_duos_sd/bl2/ddr.o
LOAD /home/catcatbing/dev/project/join_rtt/rt-thread/bsp/cvitek/cvitek_bootloader/fsbl/build/cv1813h_milkv_duos_sd/bl2/ddr_pkg_info.o
LOAD /home/catcatbing/dev/project/join_rtt/rt-thread/bsp/cvitek/cvitek_bootloader/fsbl/build/cv1813h_milkv_duos_sd/bl2/ddr_sys_bring_up.o
LOAD /home/catcatbing/dev/project/join_rtt/rt-thread/bsp/cvitek/cvitek_bootloader/fsbl/build/cv1813h_milkv_duos_sd/bl2/ddr_sys.o
LOAD /home/catcatbing/dev/project/join_rtt/rt-thread/bsp/cvitek/cvitek_bootloader/fsbl/build/cv1813h_milkv_duos_sd/bl2/phy_pll_init.o
LOAD /home/catcatbing/dev/project/join_rtt/rt-thread/bsp/cvitek/cvitek_bootloader/fsbl/build/cv1813h_milkv_duos_sd/bl2/cvx16_pinmux.o
LOAD /home/catcatbing/dev/project/join_rtt/rt-thread/bsp/cvitek/cvitek_bootloader/fsbl/build/cv1813h_milkv_duos_sd/bl2/cvx16_dram_cap_check.o
LOAD /home/catcatbing/dev/project/join_rtt/rt-thread/bsp/cvitek/cvitek_bootloader/fsbl/build/cv1813h_milkv_duos_sd/bl2/ddrc_init.o
LOAD /home/catcatbing/dev/project/join_rtt/rt-thread/bsp/cvitek/cvitek_bootloader/fsbl/build/cv1813h_milkv_duos_sd/bl2/phy_init.o
LOAD /home/catcatbing/dev/project/join_rtt/rt-thread/bsp/cvitek/cvitek_bootloader/fsbl/build/cv1813h_milkv_duos_sd/bl2/ddr_patch_regs.o
LOAD /home/catcatbing/dev/project/join_rtt/rt-thread/bsp/cvitek/cvitek_bootloader/fsbl/build/cv1813h_milkv_duos_sd/bl2/bl2_entrypoint.o
OUTPUT(/home/catcatbing/dev/project/join_rtt/rt-thread/bsp/cvitek/cvitek_bootloader/fsbl/build/cv1813h_milkv_duos_sd/bl2/bl2.elf elf64-littleriscv)

.debug_info     0x0000000000000000    0x617bf
 .debug_info    0x0000000000000000       0x89 /home/catcatbing/dev/project/join_rtt/rt-thread/bsp/cvitek/cvitek_bootloader/fsbl/build/cv1813h_milkv_duos_sd/bl2/build_message.o
 .debug_info    0x0000000000000089      0x1a1 /home/catcatbing/dev/project/join_rtt/rt-thread/bsp/cvitek/cvitek_bootloader/fsbl/build/cv1813h_milkv_duos_sd/bl2/cpu_helper.o
 .debug_info    0x000000000000022a      0x1e4 /home/catcatbing/dev/project/join_rtt/rt-thread/bsp/cvitek/cvitek_bootloader/fsbl/build/cv1813h_milkv_duos_sd/bl2/cache.o
 .debug_info    0x000000000000040e      0x45f /home/catcatbing/dev/project/join_rtt/rt-thread/bsp/cvitek/cvitek_bootloader/fsbl/build/cv1813h_milkv_duos_sd/bl2/delay_timer.o
 .debug_info    0x000000000000086d      0x3d6 /home/catcatbing/dev/project/join_rtt/rt-thread/bsp/cvitek/cvitek_bootloader/fsbl/build/cv1813h_milkv_duos_sd/bl2/bl2_helper.o
 .debug_info    0x0000000000000c43      0x33f /home/catcatbing/dev/project/join_rtt/rt-thread/bsp/cvitek/cvitek_bootloader/fsbl/build/cv1813h_milkv_duos_sd/bl2/uart_dw.o
 .debug_info    0x0000000000000f82      0x474 /home/catcatbing/dev/project/join_rtt/rt-thread/bsp/cvitek/cvitek_bootloader/fsbl/build/cv1813h_milkv_duos_sd/bl2/tf_printf.o
 .debug_info    0x00000000000013f6     0x23fc /home/catcatbing/dev/project/join_rtt/rt-thread/bsp/cvitek/cvitek_bootloader/fsbl/build/cv1813h_milkv_duos_sd/bl2/platform.o
 .debug_info    0x00000000000037f2     0x1941 /home/catcatbing/dev/project/join_rtt/rt-thread/bsp/cvitek/cvitek_bootloader/fsbl/build/cv1813h_milkv_duos_sd/bl2/security.o
 .debug_info    0x0000000000005133      0x41f /home/catcatbing/dev/project/join_rtt/rt-thread/bsp/cvitek/cvitek_bootloader/fsbl/build/cv1813h_milkv_duos_sd/bl2/mem.o
 .debug_info    0x0000000000005552      0x2c4 /home/catcatbing/dev/project/join_rtt/rt-thread/bsp/cvitek/cvitek_bootloader/fsbl/build/cv1813h_milkv_duos_sd/bl2/putchar.o
 .debug_info    0x0000000000005816     0x1992 /home/catcatbing/dev/project/join_rtt/rt-thread/bsp/cvitek/cvitek_bootloader/fsbl/build/cv1813h_milkv_duos_sd/bl2/bl2_opt.o
 .debug_info    0x00000000000071a8      0x9df /home/catcatbing/dev/project/join_rtt/rt-thread/bsp/cvitek/cvitek_bootloader/fsbl/build/cv1813h_milkv_duos_sd/bl2/decompress.o
 .debug_info    0x0000000000007b87     0x17d0 /home/catcatbing/dev/project/join_rtt/rt-thread/bsp/cvitek/cvitek_bootloader/fsbl/build/cv1813h_milkv_duos_sd/bl2/LzmaDec.o
 .debug_info    0x0000000000009357    0x2854a /home/catcatbing/dev/project/join_rtt/rt-thread/bsp/cvitek/cvitek_bootloader/fsbl/build/cv1813h_milkv_duos_sd/bl2/lz4_all.o
 .debug_info    0x00000000000318a1     0x4059 /home/catcatbing/dev/project/join_rtt/rt-thread/bsp/cvitek/cvitek_bootloader/fsbl/build/cv1813h_milkv_duos_sd/bl2/xxhash.o
 .debug_info    0x00000000000358fa      0xb7a /home/catcatbing/dev/project/join_rtt/rt-thread/bsp/cvitek/cvitek_bootloader/fsbl/build/cv1813h_milkv_duos_sd/bl2/bl2_main.o
 .debug_info    0x0000000000036474      0x1a7 /home/catcatbing/dev/project/join_rtt/rt-thread/bsp/cvitek/cvitek_bootloader/fsbl/build/cv1813h_milkv_duos_sd/bl2/ddr.o
 .debug_info    0x000000000003661b      0x554 /home/catcatbing/dev/project/join_rtt/rt-thread/bsp/cvitek/cvitek_bootloader/fsbl/build/cv1813h_milkv_duos_sd/bl2/ddr_pkg_info.o
 .debug_info    0x0000000000036b6f     0x1259 /home/catcatbing/dev/project/join_rtt/rt-thread/bsp/cvitek/cvitek_bootloader/fsbl/build/cv1813h_milkv_duos_sd/bl2/ddr_sys_bring_up.o
 .debug_info    0x0000000000037dc8    0x25006 /home/catcatbing/dev/project/join_rtt/rt-thread/bsp/cvitek/cvitek_bootloader/fsbl/build/cv1813h_milkv_duos_sd/bl2/ddr_sys.o
 .debug_info    0x000000000005cdce      0x20e /home/catcatbing/dev/project/join_rtt/rt-thread/bsp/cvitek/cvitek_bootloader/fsbl/build/cv1813h_milkv_duos_sd/bl2/phy_pll_init.o
 .debug_info    0x000000000005cfdc     0x11b2 /home/catcatbing/dev/project/join_rtt/rt-thread/bsp/cvitek/cvitek_bootloader/fsbl/build/cv1813h_milkv_duos_sd/bl2/cvx16_pinmux.o
 .debug_info    0x000000000005e18e       0xc8 /home/catcatbing/dev/project/join_rtt/rt-thread/bsp/cvitek/cvitek_bootloader/fsbl/build/cv1813h_milkv_duos_sd/bl2/cvx16_dram_cap_check.o
 .debug_info    0x000000000005e256     0x1471 /home/catcatbing/dev/project/join_rtt/rt-thread/bsp/cvitek/cvitek_bootloader/fsbl/build/cv1813h_milkv_duos_sd/bl2/ddrc_init.o
 .debug_info    0x000000000005f6c7     0x1fa9 /home/catcatbing/dev/project/join_rtt/rt-thread/bsp/cvitek/cvitek_bootloader/fsbl/build/cv1813h_milkv_duos_sd/bl2/phy_init.o
 .debug_info    0x0000000000061670      0x121 /home/catcatbing/dev/project/join_rtt/rt-thread/bsp/cvitek/cvitek_bootloader/fsbl/build/cv1813h_milkv_duos_sd/bl2/ddr_patch_regs.o
 .debug_info    0x0000000000061791       0x2e /home/catcatbing/dev/project/join_rtt/rt-thread/bsp/cvitek/cvitek_bootloader/fsbl/build/cv1813h_milkv_duos_sd/bl2/bl2_entrypoint.o

.debug_abbrev   0x0000000000000000     0x3892
 .debug_abbrev  0x0000000000000000       0x48 /home/catcatbing/dev/project/join_rtt/rt-thread/bsp/cvitek/cvitek_bootloader/fsbl/build/cv1813h_milkv_duos_sd/bl2/build_message.o
 .debug_abbrev  0x0000000000000048       0xc1 /home/catcatbing/dev/project/join_rtt/rt-thread/bsp/cvitek/cvitek_bootloader/fsbl/build/cv1813h_milkv_duos_sd/bl2/cpu_helper.o
 .debug_abbrev  0x0000000000000109       0xb0 /home/catcatbing/dev/project/join_rtt/rt-thread/bsp/cvitek/cvitek_bootloader/fsbl/build/cv1813h_milkv_duos_sd/bl2/cache.o
 .debug_abbrev  0x00000000000001b9      0x1ae /home/catcatbing/dev/project/join_rtt/rt-thread/bsp/cvitek/cvitek_bootloader/fsbl/build/cv1813h_milkv_duos_sd/bl2/delay_timer.o
 .debug_abbrev  0x0000000000000367      0x197 /home/catcatbing/dev/project/join_rtt/rt-thread/bsp/cvitek/cvitek_bootloader/fsbl/build/cv1813h_milkv_duos_sd/bl2/bl2_helper.o
 .debug_abbrev  0x00000000000004fe      0x187 /home/catcatbing/dev/project/join_rtt/rt-thread/bsp/cvitek/cvitek_bootloader/fsbl/build/cv1813h_milkv_duos_sd/bl2/uart_dw.o
 .debug_abbrev  0x0000000000000685      0x1e5 /home/catcatbing/dev/project/join_rtt/rt-thread/bsp/cvitek/cvitek_bootloader/fsbl/build/cv1813h_milkv_duos_sd/bl2/tf_printf.o
 .debug_abbrev  0x000000000000086a      0x375 /home/catcatbing/dev/project/join_rtt/rt-thread/bsp/cvitek/cvitek_bootloader/fsbl/build/cv1813h_milkv_duos_sd/bl2/platform.o
 .debug_abbrev  0x0000000000000bdf      0x307 /home/catcatbing/dev/project/join_rtt/rt-thread/bsp/cvitek/cvitek_bootloader/fsbl/build/cv1813h_milkv_duos_sd/bl2/security.o
 .debug_abbrev  0x0000000000000ee6      0x120 /home/catcatbing/dev/project/join_rtt/rt-thread/bsp/cvitek/cvitek_bootloader/fsbl/build/cv1813h_milkv_duos_sd/bl2/mem.o
 .debug_abbrev  0x0000000000001006      0x15d /home/catcatbing/dev/project/join_rtt/rt-thread/bsp/cvitek/cvitek_bootloader/fsbl/build/cv1813h_milkv_duos_sd/bl2/putchar.o
 .debug_abbrev  0x0000000000001163      0x42c /home/catcatbing/dev/project/join_rtt/rt-thread/bsp/cvitek/cvitek_bootloader/fsbl/build/cv1813h_milkv_duos_sd/bl2/bl2_opt.o
 .debug_abbrev  0x000000000000158f      0x305 /home/catcatbing/dev/project/join_rtt/rt-thread/bsp/cvitek/cvitek_bootloader/fsbl/build/cv1813h_milkv_duos_sd/bl2/decompress.o
 .debug_abbrev  0x0000000000001894      0x454 /home/catcatbing/dev/project/join_rtt/rt-thread/bsp/cvitek/cvitek_bootloader/fsbl/build/cv1813h_milkv_duos_sd/bl2/LzmaDec.o
 .debug_abbrev  0x0000000000001ce8      0x69b /home/catcatbing/dev/project/join_rtt/rt-thread/bsp/cvitek/cvitek_bootloader/fsbl/build/cv1813h_milkv_duos_sd/bl2/lz4_all.o
 .debug_abbrev  0x0000000000002383      0x4b9 /home/catcatbing/dev/project/join_rtt/rt-thread/bsp/cvitek/cvitek_bootloader/fsbl/build/cv1813h_milkv_duos_sd/bl2/xxhash.o
 .debug_abbrev  0x000000000000283c      0x28d /home/catcatbing/dev/project/join_rtt/rt-thread/bsp/cvitek/cvitek_bootloader/fsbl/build/cv1813h_milkv_duos_sd/bl2/bl2_main.o
 .debug_abbrev  0x0000000000002ac9       0xe9 /home/catcatbing/dev/project/join_rtt/rt-thread/bsp/cvitek/cvitek_bootloader/fsbl/build/cv1813h_milkv_duos_sd/bl2/ddr.o
 .debug_abbrev  0x0000000000002bb2      0x187 /home/catcatbing/dev/project/join_rtt/rt-thread/bsp/cvitek/cvitek_bootloader/fsbl/build/cv1813h_milkv_duos_sd/bl2/ddr_pkg_info.o
 .debug_abbrev  0x0000000000002d39      0x265 /home/catcatbing/dev/project/join_rtt/rt-thread/bsp/cvitek/cvitek_bootloader/fsbl/build/cv1813h_milkv_duos_sd/bl2/ddr_sys_bring_up.o
 .debug_abbrev  0x0000000000002f9e      0x3e8 /home/catcatbing/dev/project/join_rtt/rt-thread/bsp/cvitek/cvitek_bootloader/fsbl/build/cv1813h_milkv_duos_sd/bl2/ddr_sys.o
 .debug_abbrev  0x0000000000003386       0xb7 /home/catcatbing/dev/project/join_rtt/rt-thread/bsp/cvitek/cvitek_bootloader/fsbl/build/cv1813h_milkv_duos_sd/bl2/phy_pll_init.o
 .debug_abbrev  0x000000000000343d       0xd3 /home/catcatbing/dev/project/join_rtt/rt-thread/bsp/cvitek/cvitek_bootloader/fsbl/build/cv1813h_milkv_duos_sd/bl2/cvx16_pinmux.o
 .debug_abbrev  0x0000000000003510       0x69 /home/catcatbing/dev/project/join_rtt/rt-thread/bsp/cvitek/cvitek_bootloader/fsbl/build/cv1813h_milkv_duos_sd/bl2/cvx16_dram_cap_check.o
 .debug_abbrev  0x0000000000003579      0x17d /home/catcatbing/dev/project/join_rtt/rt-thread/bsp/cvitek/cvitek_bootloader/fsbl/build/cv1813h_milkv_duos_sd/bl2/ddrc_init.o
 .debug_abbrev  0x00000000000036f6       0xd3 /home/catcatbing/dev/project/join_rtt/rt-thread/bsp/cvitek/cvitek_bootloader/fsbl/build/cv1813h_milkv_duos_sd/bl2/phy_init.o
 .debug_abbrev  0x00000000000037c9       0xb5 /home/catcatbing/dev/project/join_rtt/rt-thread/bsp/cvitek/cvitek_bootloader/fsbl/build/cv1813h_milkv_duos_sd/bl2/ddr_patch_regs.o
 .debug_abbrev  0x000000000000387e       0x14 /home/catcatbing/dev/project/join_rtt/rt-thread/bsp/cvitek/cvitek_bootloader/fsbl/build/cv1813h_milkv_duos_sd/bl2/bl2_entrypoint.o

.debug_aranges  0x0000000000000000     0x1850
 .debug_aranges
                0x0000000000000000       0x20 /home/catcatbing/dev/project/join_rtt/rt-thread/bsp/cvitek/cvitek_bootloader/fsbl/build/cv1813h_milkv_duos_sd/bl2/build_message.o
 .debug_aranges
                0x0000000000000020       0x50 /home/catcatbing/dev/project/join_rtt/rt-thread/bsp/cvitek/cvitek_bootloader/fsbl/build/cv1813h_milkv_duos_sd/bl2/cpu_helper.o
 .debug_aranges
                0x0000000000000070       0x70 /home/catcatbing/dev/project/join_rtt/rt-thread/bsp/cvitek/cvitek_bootloader/fsbl/build/cv1813h_milkv_duos_sd/bl2/cache.o
 .debug_aranges
                0x00000000000000e0       0x90 /home/catcatbing/dev/project/join_rtt/rt-thread/bsp/cvitek/cvitek_bootloader/fsbl/build/cv1813h_milkv_duos_sd/bl2/delay_timer.o
 .debug_aranges
                0x0000000000000170       0x40 /home/catcatbing/dev/project/join_rtt/rt-thread/bsp/cvitek/cvitek_bootloader/fsbl/build/cv1813h_milkv_duos_sd/bl2/bl2_helper.o
 .debug_aranges
                0x00000000000001b0       0xa0 /home/catcatbing/dev/project/join_rtt/rt-thread/bsp/cvitek/cvitek_bootloader/fsbl/build/cv1813h_milkv_duos_sd/bl2/uart_dw.o
 .debug_aranges
                0x0000000000000250       0x50 /home/catcatbing/dev/project/join_rtt/rt-thread/bsp/cvitek/cvitek_bootloader/fsbl/build/cv1813h_milkv_duos_sd/bl2/tf_printf.o
 .debug_aranges
                0x00000000000002a0       0xf0 /home/catcatbing/dev/project/join_rtt/rt-thread/bsp/cvitek/cvitek_bootloader/fsbl/build/cv1813h_milkv_duos_sd/bl2/platform.o
 .debug_aranges
                0x0000000000000390       0xa0 /home/catcatbing/dev/project/join_rtt/rt-thread/bsp/cvitek/cvitek_bootloader/fsbl/build/cv1813h_milkv_duos_sd/bl2/security.o
 .debug_aranges
                0x0000000000000430       0x80 /home/catcatbing/dev/project/join_rtt/rt-thread/bsp/cvitek/cvitek_bootloader/fsbl/build/cv1813h_milkv_duos_sd/bl2/mem.o
 .debug_aranges
                0x00000000000004b0       0x30 /home/catcatbing/dev/project/join_rtt/rt-thread/bsp/cvitek/cvitek_bootloader/fsbl/build/cv1813h_milkv_duos_sd/bl2/putchar.o
 .debug_aranges
                0x00000000000004e0       0xd0 /home/catcatbing/dev/project/join_rtt/rt-thread/bsp/cvitek/cvitek_bootloader/fsbl/build/cv1813h_milkv_duos_sd/bl2/bl2_opt.o
 .debug_aranges
                0x00000000000005b0       0xa0 /home/catcatbing/dev/project/join_rtt/rt-thread/bsp/cvitek/cvitek_bootloader/fsbl/build/cv1813h_milkv_duos_sd/bl2/decompress.o
 .debug_aranges
                0x0000000000000650      0x100 /home/catcatbing/dev/project/join_rtt/rt-thread/bsp/cvitek/cvitek_bootloader/fsbl/build/cv1813h_milkv_duos_sd/bl2/LzmaDec.o
 .debug_aranges
                0x0000000000000750      0x7c0 /home/catcatbing/dev/project/join_rtt/rt-thread/bsp/cvitek/cvitek_bootloader/fsbl/build/cv1813h_milkv_duos_sd/bl2/lz4_all.o
 .debug_aranges
                0x0000000000000f10      0x1b0 /home/catcatbing/dev/project/join_rtt/rt-thread/bsp/cvitek/cvitek_bootloader/fsbl/build/cv1813h_milkv_duos_sd/bl2/xxhash.o
 .debug_aranges
                0x00000000000010c0       0x50 /home/catcatbing/dev/project/join_rtt/rt-thread/bsp/cvitek/cvitek_bootloader/fsbl/build/cv1813h_milkv_duos_sd/bl2/bl2_main.o
 .debug_aranges
                0x0000000000001110       0x30 /home/catcatbing/dev/project/join_rtt/rt-thread/bsp/cvitek/cvitek_bootloader/fsbl/build/cv1813h_milkv_duos_sd/bl2/ddr.o
 .debug_aranges
                0x0000000000001140       0x70 /home/catcatbing/dev/project/join_rtt/rt-thread/bsp/cvitek/cvitek_bootloader/fsbl/build/cv1813h_milkv_duos_sd/bl2/ddr_pkg_info.o
 .debug_aranges
                0x00000000000011b0       0x50 /home/catcatbing/dev/project/join_rtt/rt-thread/bsp/cvitek/cvitek_bootloader/fsbl/build/cv1813h_milkv_duos_sd/bl2/ddr_sys_bring_up.o
 .debug_aranges
                0x0000000000001200      0x4e0 /home/catcatbing/dev/project/join_rtt/rt-thread/bsp/cvitek/cvitek_bootloader/fsbl/build/cv1813h_milkv_duos_sd/bl2/ddr_sys.o
 .debug_aranges
                0x00000000000016e0       0x30 /home/catcatbing/dev/project/join_rtt/rt-thread/bsp/cvitek/cvitek_bootloader/fsbl/build/cv1813h_milkv_duos_sd/bl2/phy_pll_init.o
 .debug_aranges
                0x0000000000001710       0x30 /home/catcatbing/dev/project/join_rtt/rt-thread/bsp/cvitek/cvitek_bootloader/fsbl/build/cv1813h_milkv_duos_sd/bl2/cvx16_pinmux.o
 .debug_aranges
                0x0000000000001740       0x30 /home/catcatbing/dev/project/join_rtt/rt-thread/bsp/cvitek/cvitek_bootloader/fsbl/build/cv1813h_milkv_duos_sd/bl2/cvx16_dram_cap_check.o
 .debug_aranges
                0x0000000000001770       0x60 /home/catcatbing/dev/project/join_rtt/rt-thread/bsp/cvitek/cvitek_bootloader/fsbl/build/cv1813h_milkv_duos_sd/bl2/ddrc_init.o
 .debug_aranges
                0x00000000000017d0       0x30 /home/catcatbing/dev/project/join_rtt/rt-thread/bsp/cvitek/cvitek_bootloader/fsbl/build/cv1813h_milkv_duos_sd/bl2/phy_init.o
 .debug_aranges
                0x0000000000001800       0x20 /home/catcatbing/dev/project/join_rtt/rt-thread/bsp/cvitek/cvitek_bootloader/fsbl/build/cv1813h_milkv_duos_sd/bl2/ddr_patch_regs.o
 .debug_aranges
                0x0000000000001820       0x30 /home/catcatbing/dev/project/join_rtt/rt-thread/bsp/cvitek/cvitek_bootloader/fsbl/build/cv1813h_milkv_duos_sd/bl2/bl2_entrypoint.o

.debug_macro    0x0000000000000000     0x767b
 .debug_macro   0x0000000000000000       0x11 /home/catcatbing/dev/project/join_rtt/rt-thread/bsp/cvitek/cvitek_bootloader/fsbl/build/cv1813h_milkv_duos_sd/bl2/build_message.o
 .debug_macro   0x0000000000000011      0x8c8 /home/catcatbing/dev/project/join_rtt/rt-thread/bsp/cvitek/cvitek_bootloader/fsbl/build/cv1813h_milkv_duos_sd/bl2/build_message.o
 .debug_macro   0x00000000000008d9      0x115 /home/catcatbing/dev/project/join_rtt/rt-thread/bsp/cvitek/cvitek_bootloader/fsbl/build/cv1813h_milkv_duos_sd/bl2/cpu_helper.o
 .debug_macro   0x00000000000009ee      0x8ce /home/catcatbing/dev/project/join_rtt/rt-thread/bsp/cvitek/cvitek_bootloader/fsbl/build/cv1813h_milkv_duos_sd/bl2/cpu_helper.o
 .debug_macro   0x00000000000012bc      0x26f /home/catcatbing/dev/project/join_rtt/rt-thread/bsp/cvitek/cvitek_bootloader/fsbl/build/cv1813h_milkv_duos_sd/bl2/cpu_helper.o
 .debug_macro   0x000000000000152b       0x11 /home/catcatbing/dev/project/join_rtt/rt-thread/bsp/cvitek/cvitek_bootloader/fsbl/build/cv1813h_milkv_duos_sd/bl2/cpu_helper.o
 .debug_macro   0x000000000000153c      0x187 /home/catcatbing/dev/project/join_rtt/rt-thread/bsp/cvitek/cvitek_bootloader/fsbl/build/cv1813h_milkv_duos_sd/bl2/cpu_helper.o
 .debug_macro   0x00000000000016c3       0x46 /home/catcatbing/dev/project/join_rtt/rt-thread/bsp/cvitek/cvitek_bootloader/fsbl/build/cv1813h_milkv_duos_sd/bl2/cpu_helper.o
 .debug_macro   0x0000000000001709       0x16 /home/catcatbing/dev/project/join_rtt/rt-thread/bsp/cvitek/cvitek_bootloader/fsbl/build/cv1813h_milkv_duos_sd/bl2/cpu_helper.o
 .debug_macro   0x000000000000171f       0x28 /home/catcatbing/dev/project/join_rtt/rt-thread/bsp/cvitek/cvitek_bootloader/fsbl/build/cv1813h_milkv_duos_sd/bl2/cpu_helper.o
 .debug_macro   0x0000000000001747       0x1c /home/catcatbing/dev/project/join_rtt/rt-thread/bsp/cvitek/cvitek_bootloader/fsbl/build/cv1813h_milkv_duos_sd/bl2/cpu_helper.o
 .debug_macro   0x0000000000001763      0x1af /home/catcatbing/dev/project/join_rtt/rt-thread/bsp/cvitek/cvitek_bootloader/fsbl/build/cv1813h_milkv_duos_sd/bl2/cpu_helper.o
 .debug_macro   0x0000000000001912       0xc5 /home/catcatbing/dev/project/join_rtt/rt-thread/bsp/cvitek/cvitek_bootloader/fsbl/build/cv1813h_milkv_duos_sd/bl2/cpu_helper.o
 .debug_macro   0x00000000000019d7       0x82 /home/catcatbing/dev/project/join_rtt/rt-thread/bsp/cvitek/cvitek_bootloader/fsbl/build/cv1813h_milkv_duos_sd/bl2/cpu_helper.o
 .debug_macro   0x0000000000001a59      0x22d /home/catcatbing/dev/project/join_rtt/rt-thread/bsp/cvitek/cvitek_bootloader/fsbl/build/cv1813h_milkv_duos_sd/bl2/cpu_helper.o
 .debug_macro   0x0000000000001c86       0xca /home/catcatbing/dev/project/join_rtt/rt-thread/bsp/cvitek/cvitek_bootloader/fsbl/build/cv1813h_milkv_duos_sd/bl2/cpu_helper.o
 .debug_macro   0x0000000000001d50       0xfa /home/catcatbing/dev/project/join_rtt/rt-thread/bsp/cvitek/cvitek_bootloader/fsbl/build/cv1813h_milkv_duos_sd/bl2/cpu_helper.o
 .debug_macro   0x0000000000001e4a      0x1e7 /home/catcatbing/dev/project/join_rtt/rt-thread/bsp/cvitek/cvitek_bootloader/fsbl/build/cv1813h_milkv_duos_sd/bl2/cpu_helper.o
 .debug_macro   0x0000000000002031     0x186b /home/catcatbing/dev/project/join_rtt/rt-thread/bsp/cvitek/cvitek_bootloader/fsbl/build/cv1813h_milkv_duos_sd/bl2/cpu_helper.o
 .debug_macro   0x000000000000389c      0x12c /home/catcatbing/dev/project/join_rtt/rt-thread/bsp/cvitek/cvitek_bootloader/fsbl/build/cv1813h_milkv_duos_sd/bl2/cache.o
 .debug_macro   0x00000000000039c8      0x121 /home/catcatbing/dev/project/join_rtt/rt-thread/bsp/cvitek/cvitek_bootloader/fsbl/build/cv1813h_milkv_duos_sd/bl2/delay_timer.o
 .debug_macro   0x0000000000003ae9      0x130 /home/catcatbing/dev/project/join_rtt/rt-thread/bsp/cvitek/cvitek_bootloader/fsbl/build/cv1813h_milkv_duos_sd/bl2/bl2_helper.o
 .debug_macro   0x0000000000003c19      0x178 /home/catcatbing/dev/project/join_rtt/rt-thread/bsp/cvitek/cvitek_bootloader/fsbl/build/cv1813h_milkv_duos_sd/bl2/uart_dw.o
 .debug_macro   0x0000000000003d91       0xcc /home/catcatbing/dev/project/join_rtt/rt-thread/bsp/cvitek/cvitek_bootloader/fsbl/build/cv1813h_milkv_duos_sd/bl2/uart_dw.o
 .debug_macro   0x0000000000003e5d       0x16 /home/catcatbing/dev/project/join_rtt/rt-thread/bsp/cvitek/cvitek_bootloader/fsbl/build/cv1813h_milkv_duos_sd/bl2/uart_dw.o
 .debug_macro   0x0000000000003e73      0x146 /home/catcatbing/dev/project/join_rtt/rt-thread/bsp/cvitek/cvitek_bootloader/fsbl/build/cv1813h_milkv_duos_sd/bl2/tf_printf.o
 .debug_macro   0x0000000000003fb9       0xa6 /home/catcatbing/dev/project/join_rtt/rt-thread/bsp/cvitek/cvitek_bootloader/fsbl/build/cv1813h_milkv_duos_sd/bl2/tf_printf.o
 .debug_macro   0x000000000000405f       0xb8 /home/catcatbing/dev/project/join_rtt/rt-thread/bsp/cvitek/cvitek_bootloader/fsbl/build/cv1813h_milkv_duos_sd/bl2/tf_printf.o
 .debug_macro   0x0000000000004117       0x2e /home/catcatbing/dev/project/join_rtt/rt-thread/bsp/cvitek/cvitek_bootloader/fsbl/build/cv1813h_milkv_duos_sd/bl2/tf_printf.o
 .debug_macro   0x0000000000004145      0x14b /home/catcatbing/dev/project/join_rtt/rt-thread/bsp/cvitek/cvitek_bootloader/fsbl/build/cv1813h_milkv_duos_sd/bl2/platform.o
 .debug_macro   0x0000000000004290      0x277 /home/catcatbing/dev/project/join_rtt/rt-thread/bsp/cvitek/cvitek_bootloader/fsbl/build/cv1813h_milkv_duos_sd/bl2/platform.o
 .debug_macro   0x0000000000004507       0x8e /home/catcatbing/dev/project/join_rtt/rt-thread/bsp/cvitek/cvitek_bootloader/fsbl/build/cv1813h_milkv_duos_sd/bl2/platform.o
 .debug_macro   0x0000000000004595       0xe2 /home/catcatbing/dev/project/join_rtt/rt-thread/bsp/cvitek/cvitek_bootloader/fsbl/build/cv1813h_milkv_duos_sd/bl2/platform.o
 .debug_macro   0x0000000000004677      0x21e /home/catcatbing/dev/project/join_rtt/rt-thread/bsp/cvitek/cvitek_bootloader/fsbl/build/cv1813h_milkv_duos_sd/bl2/security.o
 .debug_macro   0x0000000000004895       0x6a /home/catcatbing/dev/project/join_rtt/rt-thread/bsp/cvitek/cvitek_bootloader/fsbl/build/cv1813h_milkv_duos_sd/bl2/security.o
 .debug_macro   0x00000000000048ff       0x22 /home/catcatbing/dev/project/join_rtt/rt-thread/bsp/cvitek/cvitek_bootloader/fsbl/build/cv1813h_milkv_duos_sd/bl2/security.o
 .debug_macro   0x0000000000004921       0xd0 /home/catcatbing/dev/project/join_rtt/rt-thread/bsp/cvitek/cvitek_bootloader/fsbl/build/cv1813h_milkv_duos_sd/bl2/security.o
 .debug_macro   0x00000000000049f1       0x4c /home/catcatbing/dev/project/join_rtt/rt-thread/bsp/cvitek/cvitek_bootloader/fsbl/build/cv1813h_milkv_duos_sd/bl2/security.o
 .debug_macro   0x0000000000004a3d       0x1c /home/catcatbing/dev/project/join_rtt/rt-thread/bsp/cvitek/cvitek_bootloader/fsbl/build/cv1813h_milkv_duos_sd/bl2/security.o
 .debug_macro   0x0000000000004a59       0x16 /home/catcatbing/dev/project/join_rtt/rt-thread/bsp/cvitek/cvitek_bootloader/fsbl/build/cv1813h_milkv_duos_sd/bl2/security.o
 .debug_macro   0x0000000000004a6f       0x5c /home/catcatbing/dev/project/join_rtt/rt-thread/bsp/cvitek/cvitek_bootloader/fsbl/build/cv1813h_milkv_duos_sd/bl2/security.o
 .debug_macro   0x0000000000004acb       0x10 /home/catcatbing/dev/project/join_rtt/rt-thread/bsp/cvitek/cvitek_bootloader/fsbl/build/cv1813h_milkv_duos_sd/bl2/security.o
 .debug_macro   0x0000000000004adb       0x46 /home/catcatbing/dev/project/join_rtt/rt-thread/bsp/cvitek/cvitek_bootloader/fsbl/build/cv1813h_milkv_duos_sd/bl2/security.o
 .debug_macro   0x0000000000004b21      0x3cb /home/catcatbing/dev/project/join_rtt/rt-thread/bsp/cvitek/cvitek_bootloader/fsbl/build/cv1813h_milkv_duos_sd/bl2/security.o
 .debug_macro   0x0000000000004eec       0x1c /home/catcatbing/dev/project/join_rtt/rt-thread/bsp/cvitek/cvitek_bootloader/fsbl/build/cv1813h_milkv_duos_sd/bl2/security.o
 .debug_macro   0x0000000000004f08       0x50 /home/catcatbing/dev/project/join_rtt/rt-thread/bsp/cvitek/cvitek_bootloader/fsbl/build/cv1813h_milkv_duos_sd/bl2/security.o
 .debug_macro   0x0000000000004f58       0x85 /home/catcatbing/dev/project/join_rtt/rt-thread/bsp/cvitek/cvitek_bootloader/fsbl/build/cv1813h_milkv_duos_sd/bl2/security.o
 .debug_macro   0x0000000000004fdd       0x90 /home/catcatbing/dev/project/join_rtt/rt-thread/bsp/cvitek/cvitek_bootloader/fsbl/build/cv1813h_milkv_duos_sd/bl2/security.o
 .debug_macro   0x000000000000506d       0x35 /home/catcatbing/dev/project/join_rtt/rt-thread/bsp/cvitek/cvitek_bootloader/fsbl/build/cv1813h_milkv_duos_sd/bl2/security.o
 .debug_macro   0x00000000000050a2       0x4a /home/catcatbing/dev/project/join_rtt/rt-thread/bsp/cvitek/cvitek_bootloader/fsbl/build/cv1813h_milkv_duos_sd/bl2/security.o
 .debug_macro   0x00000000000050ec       0x75 /home/catcatbing/dev/project/join_rtt/rt-thread/bsp/cvitek/cvitek_bootloader/fsbl/build/cv1813h_milkv_duos_sd/bl2/security.o
 .debug_macro   0x0000000000005161      0x19b /home/catcatbing/dev/project/join_rtt/rt-thread/bsp/cvitek/cvitek_bootloader/fsbl/build/cv1813h_milkv_duos_sd/bl2/security.o
 .debug_macro   0x00000000000052fc       0x10 /home/catcatbing/dev/project/join_rtt/rt-thread/bsp/cvitek/cvitek_bootloader/fsbl/build/cv1813h_milkv_duos_sd/bl2/security.o
 .debug_macro   0x000000000000530c       0x9b /home/catcatbing/dev/project/join_rtt/rt-thread/bsp/cvitek/cvitek_bootloader/fsbl/build/cv1813h_milkv_duos_sd/bl2/mem.o
 .debug_macro   0x00000000000053a7      0x11b /home/catcatbing/dev/project/join_rtt/rt-thread/bsp/cvitek/cvitek_bootloader/fsbl/build/cv1813h_milkv_duos_sd/bl2/putchar.o
 .debug_macro   0x00000000000054c2       0x16 /home/catcatbing/dev/project/join_rtt/rt-thread/bsp/cvitek/cvitek_bootloader/fsbl/build/cv1813h_milkv_duos_sd/bl2/putchar.o
 .debug_macro   0x00000000000054d8       0x1c /home/catcatbing/dev/project/join_rtt/rt-thread/bsp/cvitek/cvitek_bootloader/fsbl/build/cv1813h_milkv_duos_sd/bl2/putchar.o
 .debug_macro   0x00000000000054f4       0xbe /home/catcatbing/dev/project/join_rtt/rt-thread/bsp/cvitek/cvitek_bootloader/fsbl/build/cv1813h_milkv_duos_sd/bl2/putchar.o
 .debug_macro   0x00000000000055b2      0x16a /home/catcatbing/dev/project/join_rtt/rt-thread/bsp/cvitek/cvitek_bootloader/fsbl/build/cv1813h_milkv_duos_sd/bl2/bl2_opt.o
 .debug_macro   0x000000000000571c       0x16 /home/catcatbing/dev/project/join_rtt/rt-thread/bsp/cvitek/cvitek_bootloader/fsbl/build/cv1813h_milkv_duos_sd/bl2/bl2_opt.o
 .debug_macro   0x0000000000005732       0x28 /home/catcatbing/dev/project/join_rtt/rt-thread/bsp/cvitek/cvitek_bootloader/fsbl/build/cv1813h_milkv_duos_sd/bl2/bl2_opt.o
 .debug_macro   0x000000000000575a       0x1c /home/catcatbing/dev/project/join_rtt/rt-thread/bsp/cvitek/cvitek_bootloader/fsbl/build/cv1813h_milkv_duos_sd/bl2/bl2_opt.o
 .debug_macro   0x0000000000005776      0x13c /home/catcatbing/dev/project/join_rtt/rt-thread/bsp/cvitek/cvitek_bootloader/fsbl/build/cv1813h_milkv_duos_sd/bl2/decompress.o
 .debug_macro   0x00000000000058b2      0x16b /home/catcatbing/dev/project/join_rtt/rt-thread/bsp/cvitek/cvitek_bootloader/fsbl/build/cv1813h_milkv_duos_sd/bl2/decompress.o
 .debug_macro   0x0000000000005a1d       0x16 /home/catcatbing/dev/project/join_rtt/rt-thread/bsp/cvitek/cvitek_bootloader/fsbl/build/cv1813h_milkv_duos_sd/bl2/decompress.o
 .debug_macro   0x0000000000005a33       0x61 /home/catcatbing/dev/project/join_rtt/rt-thread/bsp/cvitek/cvitek_bootloader/fsbl/build/cv1813h_milkv_duos_sd/bl2/decompress.o
 .debug_macro   0x0000000000005a94      0x308 /home/catcatbing/dev/project/join_rtt/rt-thread/bsp/cvitek/cvitek_bootloader/fsbl/build/cv1813h_milkv_duos_sd/bl2/LzmaDec.o
 .debug_macro   0x0000000000005d9c      0x2ef /home/catcatbing/dev/project/join_rtt/rt-thread/bsp/cvitek/cvitek_bootloader/fsbl/build/cv1813h_milkv_duos_sd/bl2/lz4_all.o
 .debug_macro   0x000000000000608b       0xa8 /home/catcatbing/dev/project/join_rtt/rt-thread/bsp/cvitek/cvitek_bootloader/fsbl/build/cv1813h_milkv_duos_sd/bl2/lz4_all.o
 .debug_macro   0x0000000000006133       0x27 /home/catcatbing/dev/project/join_rtt/rt-thread/bsp/cvitek/cvitek_bootloader/fsbl/build/cv1813h_milkv_duos_sd/bl2/lz4_all.o
 .debug_macro   0x000000000000615a       0x62 /home/catcatbing/dev/project/join_rtt/rt-thread/bsp/cvitek/cvitek_bootloader/fsbl/build/cv1813h_milkv_duos_sd/bl2/lz4_all.o
 .debug_macro   0x00000000000061bc       0x7d /home/catcatbing/dev/project/join_rtt/rt-thread/bsp/cvitek/cvitek_bootloader/fsbl/build/cv1813h_milkv_duos_sd/bl2/lz4_all.o
 .debug_macro   0x0000000000006239       0x2c /home/catcatbing/dev/project/join_rtt/rt-thread/bsp/cvitek/cvitek_bootloader/fsbl/build/cv1813h_milkv_duos_sd/bl2/lz4_all.o
 .debug_macro   0x0000000000006265      0x1ac /home/catcatbing/dev/project/join_rtt/rt-thread/bsp/cvitek/cvitek_bootloader/fsbl/build/cv1813h_milkv_duos_sd/bl2/xxhash.o
 .debug_macro   0x0000000000006411       0x52 /home/catcatbing/dev/project/join_rtt/rt-thread/bsp/cvitek/cvitek_bootloader/fsbl/build/cv1813h_milkv_duos_sd/bl2/xxhash.o
 .debug_macro   0x0000000000006463      0x141 /home/catcatbing/dev/project/join_rtt/rt-thread/bsp/cvitek/cvitek_bootloader/fsbl/build/cv1813h_milkv_duos_sd/bl2/bl2_main.o
 .debug_macro   0x00000000000065a4      0x11b /home/catcatbing/dev/project/join_rtt/rt-thread/bsp/cvitek/cvitek_bootloader/fsbl/build/cv1813h_milkv_duos_sd/bl2/ddr.o
 .debug_macro   0x00000000000066bf       0xfb /home/catcatbing/dev/project/join_rtt/rt-thread/bsp/cvitek/cvitek_bootloader/fsbl/build/cv1813h_milkv_duos_sd/bl2/ddr_pkg_info.o
 .debug_macro   0x00000000000067ba       0x1c /home/catcatbing/dev/project/join_rtt/rt-thread/bsp/cvitek/cvitek_bootloader/fsbl/build/cv1813h_milkv_duos_sd/bl2/ddr_pkg_info.o
 .debug_macro   0x00000000000067d6      0x1d3 /home/catcatbing/dev/project/join_rtt/rt-thread/bsp/cvitek/cvitek_bootloader/fsbl/build/cv1813h_milkv_duos_sd/bl2/ddr_pkg_info.o
 .debug_macro   0x00000000000069a9      0x1cd /home/catcatbing/dev/project/join_rtt/rt-thread/bsp/cvitek/cvitek_bootloader/fsbl/build/cv1813h_milkv_duos_sd/bl2/ddr_sys_bring_up.o
 .debug_macro   0x0000000000006b76       0xa6 /home/catcatbing/dev/project/join_rtt/rt-thread/bsp/cvitek/cvitek_bootloader/fsbl/build/cv1813h_milkv_duos_sd/bl2/ddr_sys_bring_up.o
 .debug_macro   0x0000000000006c1c      0x499 /home/catcatbing/dev/project/join_rtt/rt-thread/bsp/cvitek/cvitek_bootloader/fsbl/build/cv1813h_milkv_duos_sd/bl2/ddr_sys_bring_up.o
 .debug_macro   0x00000000000070b5       0xe0 /home/catcatbing/dev/project/join_rtt/rt-thread/bsp/cvitek/cvitek_bootloader/fsbl/build/cv1813h_milkv_duos_sd/bl2/ddr_sys.o
 .debug_macro   0x0000000000007195      0x110 /home/catcatbing/dev/project/join_rtt/rt-thread/bsp/cvitek/cvitek_bootloader/fsbl/build/cv1813h_milkv_duos_sd/bl2/phy_pll_init.o
 .debug_macro   0x00000000000072a5       0xac /home/catcatbing/dev/project/join_rtt/rt-thread/bsp/cvitek/cvitek_bootloader/fsbl/build/cv1813h_milkv_duos_sd/bl2/phy_pll_init.o
 .debug_macro   0x0000000000007351       0xa1 /home/catcatbing/dev/project/join_rtt/rt-thread/bsp/cvitek/cvitek_bootloader/fsbl/build/cv1813h_milkv_duos_sd/bl2/cvx16_pinmux.o
 .debug_macro   0x00000000000073f2       0x98 /home/catcatbing/dev/project/join_rtt/rt-thread/bsp/cvitek/cvitek_bootloader/fsbl/build/cv1813h_milkv_duos_sd/bl2/cvx16_dram_cap_check.o
 .debug_macro   0x000000000000748a       0xaa /home/catcatbing/dev/project/join_rtt/rt-thread/bsp/cvitek/cvitek_bootloader/fsbl/build/cv1813h_milkv_duos_sd/bl2/ddrc_init.o
 .debug_macro   0x0000000000007534       0xa1 /home/catcatbing/dev/project/join_rtt/rt-thread/bsp/cvitek/cvitek_bootloader/fsbl/build/cv1813h_milkv_duos_sd/bl2/phy_init.o
 .debug_macro   0x00000000000075d5       0xa6 /home/catcatbing/dev/project/join_rtt/rt-thread/bsp/cvitek/cvitek_bootloader/fsbl/build/cv1813h_milkv_duos_sd/bl2/ddr_patch_regs.o

.debug_line     0x0000000000000000    0x6ea94
 .debug_line    0x0000000000000000       0x28 /home/catcatbing/dev/project/join_rtt/rt-thread/bsp/cvitek/cvitek_bootloader/fsbl/build/cv1813h_milkv_duos_sd/bl2/build_message.o
 .debug_line    0x0000000000000028      0x231 /home/catcatbing/dev/project/join_rtt/rt-thread/bsp/cvitek/cvitek_bootloader/fsbl/build/cv1813h_milkv_duos_sd/bl2/cpu_helper.o
 .debug_line    0x0000000000000259      0x351 /home/catcatbing/dev/project/join_rtt/rt-thread/bsp/cvitek/cvitek_bootloader/fsbl/build/cv1813h_milkv_duos_sd/bl2/cache.o
 .debug_line    0x00000000000005aa      0x4f5 /home/catcatbing/dev/project/join_rtt/rt-thread/bsp/cvitek/cvitek_bootloader/fsbl/build/cv1813h_milkv_duos_sd/bl2/delay_timer.o
 .debug_line    0x0000000000000a9f      0x341 /home/catcatbing/dev/project/join_rtt/rt-thread/bsp/cvitek/cvitek_bootloader/fsbl/build/cv1813h_milkv_duos_sd/bl2/bl2_helper.o
 .debug_line    0x0000000000000de0      0x559 /home/catcatbing/dev/project/join_rtt/rt-thread/bsp/cvitek/cvitek_bootloader/fsbl/build/cv1813h_milkv_duos_sd/bl2/uart_dw.o
 .debug_line    0x0000000000001339      0x812 /home/catcatbing/dev/project/join_rtt/rt-thread/bsp/cvitek/cvitek_bootloader/fsbl/build/cv1813h_milkv_duos_sd/bl2/tf_printf.o
 .debug_line    0x0000000000001b4b     0x1d65 /home/catcatbing/dev/project/join_rtt/rt-thread/bsp/cvitek/cvitek_bootloader/fsbl/build/cv1813h_milkv_duos_sd/bl2/platform.o
 .debug_line    0x00000000000038b0      0xbef /home/catcatbing/dev/project/join_rtt/rt-thread/bsp/cvitek/cvitek_bootloader/fsbl/build/cv1813h_milkv_duos_sd/bl2/security.o
 .debug_line    0x000000000000449f      0x5f8 /home/catcatbing/dev/project/join_rtt/rt-thread/bsp/cvitek/cvitek_bootloader/fsbl/build/cv1813h_milkv_duos_sd/bl2/mem.o
 .debug_line    0x0000000000004a97      0x2e8 /home/catcatbing/dev/project/join_rtt/rt-thread/bsp/cvitek/cvitek_bootloader/fsbl/build/cv1813h_milkv_duos_sd/bl2/putchar.o
 .debug_line    0x0000000000004d7f     0x1237 /home/catcatbing/dev/project/join_rtt/rt-thread/bsp/cvitek/cvitek_bootloader/fsbl/build/cv1813h_milkv_duos_sd/bl2/bl2_opt.o
 .debug_line    0x0000000000005fb6      0x792 /home/catcatbing/dev/project/join_rtt/rt-thread/bsp/cvitek/cvitek_bootloader/fsbl/build/cv1813h_milkv_duos_sd/bl2/decompress.o
 .debug_line    0x0000000000006748     0x452a /home/catcatbing/dev/project/join_rtt/rt-thread/bsp/cvitek/cvitek_bootloader/fsbl/build/cv1813h_milkv_duos_sd/bl2/LzmaDec.o
 .debug_line    0x000000000000ac72    0x349d3 /home/catcatbing/dev/project/join_rtt/rt-thread/bsp/cvitek/cvitek_bootloader/fsbl/build/cv1813h_milkv_duos_sd/bl2/lz4_all.o
 .debug_line    0x000000000003f645     0x3df6 /home/catcatbing/dev/project/join_rtt/rt-thread/bsp/cvitek/cvitek_bootloader/fsbl/build/cv1813h_milkv_duos_sd/bl2/xxhash.o
 .debug_line    0x000000000004343b      0x3e6 /home/catcatbing/dev/project/join_rtt/rt-thread/bsp/cvitek/cvitek_bootloader/fsbl/build/cv1813h_milkv_duos_sd/bl2/bl2_main.o
 .debug_line    0x0000000000043821      0x260 /home/catcatbing/dev/project/join_rtt/rt-thread/bsp/cvitek/cvitek_bootloader/fsbl/build/cv1813h_milkv_duos_sd/bl2/ddr.o
 .debug_line    0x0000000000043a81      0x6b4 /home/catcatbing/dev/project/join_rtt/rt-thread/bsp/cvitek/cvitek_bootloader/fsbl/build/cv1813h_milkv_duos_sd/bl2/ddr_pkg_info.o
 .debug_line    0x0000000000044135      0xd73 /home/catcatbing/dev/project/join_rtt/rt-thread/bsp/cvitek/cvitek_bootloader/fsbl/build/cv1813h_milkv_duos_sd/bl2/ddr_sys_bring_up.o
 .debug_line    0x0000000000044ea8    0x264b7 /home/catcatbing/dev/project/join_rtt/rt-thread/bsp/cvitek/cvitek_bootloader/fsbl/build/cv1813h_milkv_duos_sd/bl2/ddr_sys.o
 .debug_line    0x000000000006b35f      0x3c0 /home/catcatbing/dev/project/join_rtt/rt-thread/bsp/cvitek/cvitek_bootloader/fsbl/build/cv1813h_milkv_duos_sd/bl2/phy_pll_init.o
 .debug_line    0x000000000006b71f      0xc5d /home/catcatbing/dev/project/join_rtt/rt-thread/bsp/cvitek/cvitek_bootloader/fsbl/build/cv1813h_milkv_duos_sd/bl2/cvx16_pinmux.o
 .debug_line    0x000000000006c37c      0x165 /home/catcatbing/dev/project/join_rtt/rt-thread/bsp/cvitek/cvitek_bootloader/fsbl/build/cv1813h_milkv_duos_sd/bl2/cvx16_dram_cap_check.o
 .debug_line    0x000000000006c4e1      0xe26 /home/catcatbing/dev/project/join_rtt/rt-thread/bsp/cvitek/cvitek_bootloader/fsbl/build/cv1813h_milkv_duos_sd/bl2/ddrc_init.o
 .debug_line    0x000000000006d307     0x145c /home/catcatbing/dev/project/join_rtt/rt-thread/bsp/cvitek/cvitek_bootloader/fsbl/build/cv1813h_milkv_duos_sd/bl2/phy_init.o
 .debug_line    0x000000000006e763      0x160 /home/catcatbing/dev/project/join_rtt/rt-thread/bsp/cvitek/cvitek_bootloader/fsbl/build/cv1813h_milkv_duos_sd/bl2/ddr_patch_regs.o
 .debug_line    0x000000000006e8c3      0x1d1 /home/catcatbing/dev/project/join_rtt/rt-thread/bsp/cvitek/cvitek_bootloader/fsbl/build/cv1813h_milkv_duos_sd/bl2/bl2_entrypoint.o

.debug_str      0x0000000000000000    0x1b80d
 .debug_str     0x0000000000000000     0x2a5f /home/catcatbing/dev/project/join_rtt/rt-thread/bsp/cvitek/cvitek_bootloader/fsbl/build/cv1813h_milkv_duos_sd/bl2/build_message.o
                                       0x2a85 (size before relaxing)
 .debug_str     0x0000000000002a5f     0x955e /home/catcatbing/dev/project/join_rtt/rt-thread/bsp/cvitek/cvitek_bootloader/fsbl/build/cv1813h_milkv_duos_sd/bl2/cpu_helper.o
                                       0xc042 (size before relaxing)
 .debug_str     0x000000000000bfbd      0x217 /home/catcatbing/dev/project/join_rtt/rt-thread/bsp/cvitek/cvitek_bootloader/fsbl/build/cv1813h_milkv_duos_sd/bl2/cache.o
                                       0x72f7 (size before relaxing)
 .debug_str     0x000000000000c1d4       0xf8 /home/catcatbing/dev/project/join_rtt/rt-thread/bsp/cvitek/cvitek_bootloader/fsbl/build/cv1813h_milkv_duos_sd/bl2/delay_timer.o
                                       0xc0dd (size before relaxing)
 .debug_str     0x000000000000c2cc      0x249 /home/catcatbing/dev/project/join_rtt/rt-thread/bsp/cvitek/cvitek_bootloader/fsbl/build/cv1813h_milkv_duos_sd/bl2/bl2_helper.o
                                       0x739e (size before relaxing)
 .debug_str     0x000000000000c515      0x2db /home/catcatbing/dev/project/join_rtt/rt-thread/bsp/cvitek/cvitek_bootloader/fsbl/build/cv1813h_milkv_duos_sd/bl2/uart_dw.o
                                       0x6962 (size before relaxing)
 .debug_str     0x000000000000c7f0      0x7f5 /home/catcatbing/dev/project/join_rtt/rt-thread/bsp/cvitek/cvitek_bootloader/fsbl/build/cv1813h_milkv_duos_sd/bl2/tf_printf.o
                                       0x791a (size before relaxing)